Archive member included to satisfy reference by file (symbol)

c:/st/stm32cubeide_1.0.2/stm32cubeide/plugins/com.st.stm32cube.ide.mcu.externaltools.gnu-tools-for-stm32.7-2018-q2-update.win32_1.0.0.201904181610/tools/bin/../lib/gcc/arm-none-eabi/7.3.1/../../../../arm-none-eabi/lib/thumb/v7e-m/fpv4-sp/hard\libc_nano.a(lib_a-atoi.o)
                              Src/amw/amw_uart.o (atoi)
c:/st/stm32cubeide_1.0.2/stm32cubeide/plugins/com.st.stm32cube.ide.mcu.externaltools.gnu-tools-for-stm32.7-2018-q2-update.win32_1.0.0.201904181610/tools/bin/../lib/gcc/arm-none-eabi/7.3.1/../../../../arm-none-eabi/lib/thumb/v7e-m/fpv4-sp/hard\libc_nano.a(lib_a-errno.o)
                              Src/syscalls.o (__errno)
c:/st/stm32cubeide_1.0.2/stm32cubeide/plugins/com.st.stm32cube.ide.mcu.externaltools.gnu-tools-for-stm32.7-2018-q2-update.win32_1.0.0.201904181610/tools/bin/../lib/gcc/arm-none-eabi/7.3.1/../../../../arm-none-eabi/lib/thumb/v7e-m/fpv4-sp/hard\libc_nano.a(lib_a-exit.o)
                              c:/st/stm32cubeide_1.0.2/stm32cubeide/plugins/com.st.stm32cube.ide.mcu.externaltools.gnu-tools-for-stm32.7-2018-q2-update.win32_1.0.0.201904181610/tools/bin/../lib/gcc/arm-none-eabi/7.3.1/../../../../arm-none-eabi/lib/thumb/v7e-m/fpv4-sp/hard/crt0.o (exit)
c:/st/stm32cubeide_1.0.2/stm32cubeide/plugins/com.st.stm32cube.ide.mcu.externaltools.gnu-tools-for-stm32.7-2018-q2-update.win32_1.0.0.201904181610/tools/bin/../lib/gcc/arm-none-eabi/7.3.1/../../../../arm-none-eabi/lib/thumb/v7e-m/fpv4-sp/hard\libc_nano.a(lib_a-impure.o)
                              c:/st/stm32cubeide_1.0.2/stm32cubeide/plugins/com.st.stm32cube.ide.mcu.externaltools.gnu-tools-for-stm32.7-2018-q2-update.win32_1.0.0.201904181610/tools/bin/../lib/gcc/arm-none-eabi/7.3.1/../../../../arm-none-eabi/lib/thumb/v7e-m/fpv4-sp/hard\libc_nano.a(lib_a-exit.o) (_global_impure_ptr)
c:/st/stm32cubeide_1.0.2/stm32cubeide/plugins/com.st.stm32cube.ide.mcu.externaltools.gnu-tools-for-stm32.7-2018-q2-update.win32_1.0.0.201904181610/tools/bin/../lib/gcc/arm-none-eabi/7.3.1/../../../../arm-none-eabi/lib/thumb/v7e-m/fpv4-sp/hard\libc_nano.a(lib_a-init.o)
                              c:/st/stm32cubeide_1.0.2/stm32cubeide/plugins/com.st.stm32cube.ide.mcu.externaltools.gnu-tools-for-stm32.7-2018-q2-update.win32_1.0.0.201904181610/tools/bin/../lib/gcc/arm-none-eabi/7.3.1/../../../../arm-none-eabi/lib/thumb/v7e-m/fpv4-sp/hard/crt0.o (__libc_init_array)
c:/st/stm32cubeide_1.0.2/stm32cubeide/plugins/com.st.stm32cube.ide.mcu.externaltools.gnu-tools-for-stm32.7-2018-q2-update.win32_1.0.0.201904181610/tools/bin/../lib/gcc/arm-none-eabi/7.3.1/../../../../arm-none-eabi/lib/thumb/v7e-m/fpv4-sp/hard\libc_nano.a(lib_a-itoa.o)
                              Src/amw/amw_uart.o (itoa)
c:/st/stm32cubeide_1.0.2/stm32cubeide/plugins/com.st.stm32cube.ide.mcu.externaltools.gnu-tools-for-stm32.7-2018-q2-update.win32_1.0.0.201904181610/tools/bin/../lib/gcc/arm-none-eabi/7.3.1/../../../../arm-none-eabi/lib/thumb/v7e-m/fpv4-sp/hard\libc_nano.a(lib_a-memcmp.o)
                              Src/mqtt/MQTTConnectServer.o (memcmp)
c:/st/stm32cubeide_1.0.2/stm32cubeide/plugins/com.st.stm32cube.ide.mcu.externaltools.gnu-tools-for-stm32.7-2018-q2-update.win32_1.0.0.201904181610/tools/bin/../lib/gcc/arm-none-eabi/7.3.1/../../../../arm-none-eabi/lib/thumb/v7e-m/fpv4-sp/hard\libc_nano.a(lib_a-memcpy-stub.o)
                              Middlewares/Third_Party/FreeRTOS/Source/queue.o (memcpy)
c:/st/stm32cubeide_1.0.2/stm32cubeide/plugins/com.st.stm32cube.ide.mcu.externaltools.gnu-tools-for-stm32.7-2018-q2-update.win32_1.0.0.201904181610/tools/bin/../lib/gcc/arm-none-eabi/7.3.1/../../../../arm-none-eabi/lib/thumb/v7e-m/fpv4-sp/hard\libc_nano.a(lib_a-memset.o)
                              c:/st/stm32cubeide_1.0.2/stm32cubeide/plugins/com.st.stm32cube.ide.mcu.externaltools.gnu-tools-for-stm32.7-2018-q2-update.win32_1.0.0.201904181610/tools/bin/../lib/gcc/arm-none-eabi/7.3.1/../../../../arm-none-eabi/lib/thumb/v7e-m/fpv4-sp/hard/crt0.o (memset)
c:/st/stm32cubeide_1.0.2/stm32cubeide/plugins/com.st.stm32cube.ide.mcu.externaltools.gnu-tools-for-stm32.7-2018-q2-update.win32_1.0.0.201904181610/tools/bin/../lib/gcc/arm-none-eabi/7.3.1/../../../../arm-none-eabi/lib/thumb/v7e-m/fpv4-sp/hard\libc_nano.a(lib_a-printf.o)
                              Src/main.o (printf)
c:/st/stm32cubeide_1.0.2/stm32cubeide/plugins/com.st.stm32cube.ide.mcu.externaltools.gnu-tools-for-stm32.7-2018-q2-update.win32_1.0.0.201904181610/tools/bin/../lib/gcc/arm-none-eabi/7.3.1/../../../../arm-none-eabi/lib/thumb/v7e-m/fpv4-sp/hard\libc_nano.a(lib_a-puts.o)
                              Src/main.o (puts)
c:/st/stm32cubeide_1.0.2/stm32cubeide/plugins/com.st.stm32cube.ide.mcu.externaltools.gnu-tools-for-stm32.7-2018-q2-update.win32_1.0.0.201904181610/tools/bin/../lib/gcc/arm-none-eabi/7.3.1/../../../../arm-none-eabi/lib/thumb/v7e-m/fpv4-sp/hard\libc_nano.a(lib_a-snprintf.o)
                              Src/main.o (snprintf)
[...]
Memory Configuration

Name             Origin             Length             Attributes
RAM              0x0000000020000000 0x0000000000020000 xrw
FLASH            0x0000000008000000 0x0000000000080000 xr
*default*        0x0000000000000000 0xffffffffffffffff

Linker script and memory map

LOAD c:/st/stm32cubeide_1.0.2/stm32cubeide/plugins/com.st.stm32cube.ide.mcu.externaltools.gnu-tools-for-stm32.7-2018-q2-update.win32_1.0.0.201904181610/tools/bin/../lib/gcc/arm-none-eabi/7.3.1/thumb/v7e-m/fpv4-sp/hard/crti.o
LOAD c:/st/stm32cubeide_1.0.2/stm32cubeide/plugins/com.st.stm32cube.ide.mcu.externaltools.gnu-tools-for-stm32.7-2018-q2-update.win32_1.0.0.201904181610/tools/bin/../lib/gcc/arm-none-eabi/7.3.1/thumb/v7e-m/fpv4-sp/hard/crtbegin.o
LOAD c:/st/stm32cubeide_1.0.2/stm32cubeide/plugins/com.st.stm32cube.ide.mcu.externaltools.gnu-tools-for-stm32.7-2018-q2-update.win32_1.0.0.201904181610/tools/bin/../lib/gcc/arm-none-eabi/7.3.1/../../../../arm-none-eabi/lib/thumb/v7e-m/fpv4-sp/hard/crt0.o
LOAD Drivers/STM32F4xx_HAL_Driver/Src/stm32f4xx_hal.o
LOAD Drivers/STM32F4xx_HAL_Driver/Src/stm32f4xx_hal_cortex.o
LOAD Drivers/STM32F4xx_HAL_Driver/Src/stm32f4xx_hal_dma.o
LOAD Drivers/STM32F4xx_HAL_Driver/Src/stm32f4xx_hal_dma_ex.o
LOAD Drivers/STM32F4xx_HAL_Driver/Src/stm32f4xx_hal_exti.o
LOAD Drivers/STM32F4xx_HAL_Driver/Src/stm32f4xx_hal_flash.o
LOAD Drivers/STM32F4xx_HAL_Driver/Src/stm32f4xx_hal_flash_ex.o
LOAD Drivers/STM32F4xx_HAL_Driver/Src/stm32f4xx_hal_flash_ramfunc.o
LOAD Drivers/STM32F4xx_HAL_Driver/Src/stm32f4xx_hal_gpio.o
LOAD Drivers/STM32F4xx_HAL_Driver/Src/stm32f4xx_hal_i2c.o
LOAD Drivers/STM32F4xx_HAL_Driver/Src/stm32f4xx_hal_i2c_ex.o
LOAD Drivers/STM32F4xx_HAL_Driver/Src/stm32f4xx_hal_pwr.o
LOAD Drivers/STM32F4xx_HAL_Driver/Src/stm32f4xx_hal_pwr_ex.o
LOAD Drivers/STM32F4xx_HAL_Driver/Src/stm32f4xx_hal_rcc.o
LOAD Drivers/STM32F4xx_HAL_Driver/Src/stm32f4xx_hal_rcc_ex.o
LOAD Drivers/STM32F4xx_HAL_Driver/Src/stm32f4xx_hal_spi.o
LOAD Drivers/STM32F4xx_HAL_Driver/Src/stm32f4xx_hal_tim.o
LOAD Drivers/STM32F4xx_HAL_Driver/Src/stm32f4xx_hal_tim_ex.o
LOAD Drivers/STM32F4xx_HAL_Driver/Src/stm32f4xx_hal_uart.o
LOAD Middlewares/Third_Party/FreeRTOS/Source/CMSIS_RTOS/cmsis_os.o
LOAD Middlewares/Third_Party/FreeRTOS/Source/croutine.o
LOAD Middlewares/Third_Party/FreeRTOS/Source/event_groups.o
LOAD Middlewares/Third_Party/FreeRTOS/Source/list.o
LOAD Middlewares/Third_Party/FreeRTOS/Source/queue.o
LOAD Middlewares/Third_Party/FreeRTOS/Source/stream_buffer.o
LOAD Middlewares/Third_Party/FreeRTOS/Source/tasks.o
LOAD Middlewares/Third_Party/FreeRTOS/Source/timers.o
LOAD Middlewares/Third_Party/FreeRTOS/Source/portable/GCC/ARM_CM4F/port.o
LOAD Middlewares/Third_Party/FreeRTOS/Source/portable/MemMang/heap_4.o
LOAD Src/IRremote.o
LOAD Src/fan.o
LOAD Src/freertos.o
LOAD Src/irPronto.o
LOAD Src/irSend.o
LOAD Src/ir_Aiwa.o
LOAD Src/ir_Denon.o
LOAD Src/ir_Dish.o
LOAD Src/ir_JVC.o
LOAD Src/ir_LG.o
LOAD Src/ir_Mitsubishi.o
LOAD Src/ir_NEC.o
LOAD Src/ir_Panasonic.o
LOAD Src/ir_RC5_RC6.o
LOAD Src/ir_Samsung.o
LOAD Src/ir_Sanyo.o
LOAD Src/ir_Sharp.o
LOAD Src/ir_Sony.o
LOAD Src/ir_Template.o
LOAD Src/ir_Whynter.o
LOAD Src/main.o
LOAD Src/sensirion_common.o
LOAD Src/sensirion_hw_i2c_implementation.o
LOAD Src/sgp30.o
LOAD Src/shtc1.o
LOAD Src/sm_uart-04l.o
LOAD Src/stepmotor.o
LOAD Src/stm32f4xx_hal_msp.o
LOAD Src/stm32f4xx_hal_timebase_tim.o
LOAD Src/stm32f4xx_it.o
LOAD Src/syscalls.o
LOAD Src/sysmem.o
LOAD Src/system_stm32f4xx.o
LOAD Src/amw/amw_uart.o
LOAD Src/mqtt/MQTTClient.o
LOAD Src/mqtt/MQTTConnectClient.o
LOAD Src/mqtt/MQTTConnectServer.o
LOAD Src/mqtt/MQTTDeserializePublish.o
LOAD Src/mqtt/MQTTPacket.o
LOAD Src/mqtt/MQTTSerializePublish.o
LOAD Src/mqtt/MQTTSubscribeClient.o
LOAD Src/mqtt/MQTTSubscribeServer.o
LOAD Src/mqtt/MQTTUnsubscribeClient.o
LOAD Src/mqtt/MQTTUnsubscribeServer.o
LOAD Startup/startup_stm32f411retx.o
START GROUP
LOAD c:/st/stm32cubeide_1.0.2/stm32cubeide/plugins/com.st.stm32cube.ide.mcu.externaltools.gnu-tools-for-stm32.7-2018-q2-update.win32_1.0.0.201904181610/tools/bin/../lib/gcc/arm-none-eabi/7.3.1/../../../../arm-none-eabi/lib/thumb/v7e-m/fpv4-sp/hard\libc_nano.a
LOAD c:/st/stm32cubeide_1.0.2/stm32cubeide/plugins/com.st.stm32cube.ide.mcu.externaltools.gnu-tools-for-stm32.7-2018-q2-update.win32_1.0.0.201904181610/tools/bin/../lib/gcc/arm-none-eabi/7.3.1/../../../../arm-none-eabi/lib/thumb/v7e-m/fpv4-sp/hard\libm.a
END GROUP
START GROUP
LOAD c:/st/stm32cubeide_1.0.2/stm32cubeide/plugins/com.st.stm32cube.ide.mcu.externaltools.gnu-tools-for-stm32.7-2018-q2-update.win32_1.0.0.201904181610/tools/bin/../lib/gcc/arm-none-eabi/7.3.1/thumb/v7e-m/fpv4-sp/hard\libgcc.a
LOAD c:/st/stm32cubeide_1.0.2/stm32cubeide/plugins/com.st.stm32cube.ide.mcu.externaltools.gnu-tools-for-stm32.7-2018-q2-update.win32_1.0.0.201904181610/tools/bin/../lib/gcc/arm-none-eabi/7.3.1/../../../../arm-none-eabi/lib/thumb/v7e-m/fpv4-sp/hard\libc_nano.a
END GROUP
START GROUP
LOAD c:/st/stm32cubeide_1.0.2/stm32cubeide/plugins/com.st.stm32cube.ide.mcu.externaltools.gnu-tools-for-stm32.7-2018-q2-update.win32_1.0.0.201904181610/tools/bin/../lib/gcc/arm-none-eabi/7.3.1/thumb/v7e-m/fpv4-sp/hard\libgcc.a
LOAD c:/st/stm32cubeide_1.0.2/stm32cubeide/plugins/com.st.stm32cube.ide.mcu.externaltools.gnu-tools-for-stm32.7-2018-q2-update.win32_1.0.0.201904181610/tools/bin/../lib/gcc/arm-none-eabi/7.3.1/../../../../arm-none-eabi/lib/thumb/v7e-m/fpv4-sp/hard\libc_nano.a
LOAD c:/st/stm32cubeide_1.0.2/stm32cubeide/plugins/com.st.stm32cube.ide.mcu.externaltools.gnu-tools-for-stm32.7-2018-q2-update.win32_1.0.0.201904181610/tools/bin/../lib/gcc/arm-none-eabi/7.3.1/../../../../arm-none-eabi/lib/thumb/v7e-m/fpv4-sp/hard\libnosys.a
END GROUP
START GROUP
LOAD c:/st/stm32cubeide_1.0.2/stm32cubeide/plugins/com.st.stm32cube.ide.mcu.externaltools.gnu-tools-for-stm32.7-2018-q2-update.win32_1.0.0.201904181610/tools/bin/../lib/gcc/arm-none-eabi/7.3.1/thumb/v7e-m/fpv4-sp/hard\libgcc.a
LOAD c:/st/stm32cubeide_1.0.2/stm32cubeide/plugins/com.st.stm32cube.ide.mcu.externaltools.gnu-tools-for-stm32.7-2018-q2-update.win32_1.0.0.201904181610/tools/bin/../lib/gcc/arm-none-eabi/7.3.1/../../../../arm-none-eabi/lib/thumb/v7e-m/fpv4-sp/hard\libc_nano.a
LOAD c:/st/stm32cubeide_1.0.2/stm32cubeide/plugins/com.st.stm32cube.ide.mcu.externaltools.gnu-tools-for-stm32.7-2018-q2-update.win32_1.0.0.201904181610/tools/bin/../lib/gcc/arm-none-eabi/7.3.1/../../../../arm-none-eabi/lib/thumb/v7e-m/fpv4-sp/hard\libnosys.a
END GROUP
LOAD c:/st/stm32cubeide_1.0.2/stm32cubeide/plugins/com.st.stm32cube.ide.mcu.externaltools.gnu-tools-for-stm32.7-2018-q2-update.win32_1.0.0.201904181610/tools/bin/../lib/gcc/arm-none-eabi/7.3.1/thumb/v7e-m/fpv4-sp/hard/crtend.o
LOAD c:/st/stm32cubeide_1.0.2/stm32cubeide/plugins/com.st.stm32cube.ide.mcu.externaltools.gnu-tools-for-stm32.7-2018-q2-update.win32_1.0.0.201904181610/tools/bin/../lib/gcc/arm-none-eabi/7.3.1/thumb/v7e-m/fpv4-sp/hard/crtn.o
                0x0000000020020000                _estack = 0x20020000
                0x0000000000000200                _Min_Heap_Size = 0x200
                0x0000000000000400                _Min_Stack_Size = 0x400

.isr_vector     0x0000000008000000      0x198
                0x0000000008000000                . = ALIGN (0x4)
 *(.isr_vector)
 .isr_vector    0x0000000008000000      0x198 Startup/startup_stm32f411retx.o
                0x0000000008000000                g_pfnVectors
                0x0000000008000198                . = ALIGN (0x4)

.text           0x00000000080001a0     0xbad8
                0x00000000080001a0                . = ALIGN (0x4)
 *(.text)
 .text          0x00000000080001a0       0x40 c:/st/stm32cubeide_1.0.2/stm32cubeide/plugins/com.st.stm32cube.ide.mcu.externaltools.gnu-tools-for-stm32.7-2018-q2-update.win32_1.0.0.201904181610/tools/bin/../lib/gcc/arm-none-eabi/7.3.1/thumb/v7e-m/fpv4-sp/hard/crtbegin.o
 .text          0x00000000080001e0       0x10 c:/st/stm32cubeide_1.0.2/stm32cubeide/plugins/com.st.stm32cube.ide.mcu.externaltools.gnu-tools-for-stm32.7-2018-q2-update.win32_1.0.0.201904181610/tools/bin/../lib/gcc/arm-none-eabi/7.3.1/../../../../arm-none-eabi/lib/thumb/v7e-m/fpv4-sp/hard\libc_nano.a(lib_a-strlen.o)
                0x00000000080001e0                strlen
 .text          0x00000000080001f0       0xa0 c:/st/stm32cubeide_1.0.2/stm32cubeide/plugins/com.st.stm32cube.ide.mcu.externaltools.gnu-tools-for-stm32.7-2018-q2-update.win32_1.0.0.201904181610/tools/bin/../lib/gcc/arm-none-eabi/7.3.1/../../../../arm-none-eabi/lib/thumb/v7e-m/fpv4-sp/hard\libc_nano.a(lib_a-memchr.o)
                0x00000000080001f0                memchr
 .text          0x0000000008000290      0x378 c:/st/stm32cubeide_1.0.2/stm32cubeide/plugins/com.st.stm32cube.ide.mcu.externaltools.gnu-tools-for-stm32.7-2018-q2-update.win32_1.0.0.201904181610/tools/bin/../lib/gcc/arm-none-eabi/7.3.1/thumb/v7e-m/fpv4-sp/hard\libgcc.a(_arm_addsubdf3.o)
                0x0000000008000290                __aeabi_drsub
                0x0000000008000298                __aeabi_dsub
                0x0000000008000298                __subdf3
                0x000000000800029c                __aeabi_dadd
                0x000000000800029c                __adddf3
                0x0000000008000514                __floatunsidf
                0x0000000008000514                __aeabi_ui2d
                0x0000000008000534                __floatsidf
                0x0000000008000534                __aeabi_i2d
                0x0000000008000558                __aeabi_f2d
                0x0000000008000558                __extendsfdf2
                0x000000000800059c                __floatundidf
                0x000000000800059c                __aeabi_ul2d
                0x00000000080005ac                __floatdidf
                0x00000000080005ac                __aeabi_l2d
 .text          0x0000000008000608      0x424 c:/st/stm32cubeide_1.0.2/stm32cubeide/plugins/com.st.stm32cube.ide.mcu.externaltools.gnu-tools-for-stm32.7-2018-q2-update.win32_1.0.0.201904181610/tools/bin/../lib/gcc/arm-none-eabi/7.3.1/thumb/v7e-m/fpv4-sp/hard\libgcc.a(_arm_muldivdf3.o)
                0x0000000008000608                __aeabi_dmul
                0x0000000008000608                __muldf3
                0x000000000800085c                __divdf3
                0x000000000800085c                __aeabi_ddiv
 .text          0x0000000008000a2c      0x110 c:/st/stm32cubeide_1.0.2/stm32cubeide/plugins/com.st.stm32cube.ide.mcu.externaltools.gnu-tools-for-stm32.7-2018-q2-update.win32_1.0.0.201904181610/tools/bin/../lib/gcc/arm-none-eabi/7.3.1/thumb/v7e-m/fpv4-sp/hard\libgcc.a(_arm_cmpdf2.o)
                0x0000000008000a2c                __gtdf2
                0x0000000008000a2c                __gedf2
                0x0000000008000a34                __ltdf2
                0x0000000008000a34                __ledf2
                0x0000000008000a3c                __nedf2
                0x0000000008000a3c                __eqdf2
                0x0000000008000a3c                __cmpdf2
                0x0000000008000ab8                __aeabi_cdrcmple
                0x0000000008000ac8                __aeabi_cdcmpeq
                0x0000000008000ac8                __aeabi_cdcmple
                0x0000000008000ad8                __aeabi_dcmpeq
                0x0000000008000aec                __aeabi_dcmplt
                0x0000000008000b00                __aeabi_dcmple
                0x0000000008000b14                __aeabi_dcmpge
                0x0000000008000b28                __aeabi_dcmpgt
 .text          0x0000000008000b3c       0x50 c:/st/stm32cubeide_1.0.2/stm32cubeide/plugins/com.st.stm32cube.ide.mcu.externaltools.gnu-tools-for-stm32.7-2018-q2-update.win32_1.0.0.201904181610/tools/bin/../lib/gcc/arm-none-eabi/7.3.1/thumb/v7e-m/fpv4-sp/hard\libgcc.a(_arm_fixdfsi.o)
                0x0000000008000b3c                __aeabi_d2iz
                0x0000000008000b3c                __fixdfsi
 .text          0x0000000008000b8c       0x30 c:/st/stm32cubeide_1.0.2/stm32cubeide/plugins/com.st.stm32cube.ide.mcu.externaltools.gnu-tools-for-stm32.7-2018-q2-update.win32_1.0.0.201904181610/tools/bin/../lib/gcc/arm-none-eabi/7.3.1/thumb/v7e-m/fpv4-sp/hard\libgcc.a(_aeabi_uldivmod.o)
                0x0000000008000b8c                __aeabi_uldivmod
 .text          0x0000000008000bbc      0x2cc c:/st/stm32cubeide_1.0.2/stm32cubeide/plugins/com.st.stm32cube.ide.mcu.externaltools.gnu-tools-for-stm32.7-2018-q2-update.win32_1.0.0.201904181610/tools/bin/../lib/gcc/arm-none-eabi/7.3.1/thumb/v7e-m/fpv4-sp/hard\libgcc.a(_udivmoddi4.o)
                0x0000000008000bbc                __udivmoddi4
 .text          0x0000000008000e88        0x4 c:/st/stm32cubeide_1.0.2/stm32cubeide/plugins/com.st.stm32cube.ide.mcu.externaltools.gnu-tools-for-stm32.7-2018-q2-update.win32_1.0.0.201904181610/tools/bin/../lib/gcc/arm-none-eabi/7.3.1/thumb/v7e-m/fpv4-sp/hard\libgcc.a(_dvmd_tls.o)
                0x0000000008000e88                __aeabi_idiv0
                0x0000000008000e88                __aeabi_ldiv0
 *(.text*)
 .text.HAL_Init
                0x0000000008000e8c       0x44 Drivers/STM32F4xx_HAL_Driver/Src/stm32f4xx_hal.o
                0x0000000008000e8c                HAL_Init
 .text.HAL_IncTick
                0x0000000008000ed0       0x28 Drivers/STM32F4xx_HAL_Driver/Src/stm32f4xx_hal.o
                0x0000000008000ed0                HAL_IncTick
 .text.HAL_GetTick
                0x0000000008000ef8       0x18 Drivers/STM32F4xx_HAL_Driver/Src/stm32f4xx_hal.o
                0x0000000008000ef8                HAL_GetTick
 .text.__NVIC_SetPriorityGrouping
                0x0000000008000f10       0x48 Drivers/STM32F4xx_HAL_Driver/Src/stm32f4xx_hal_cortex.o
 .text.__NVIC_GetPriorityGrouping
                0x0000000008000f58       0x1c Drivers/STM32F4xx_HAL_Driver/Src/stm32f4xx_hal_cortex.o
 .text.__NVIC_EnableIRQ
                0x0000000008000f74       0x3c Drivers/STM32F4xx_HAL_Driver/Src/stm32f4xx_hal_cortex.o
 .text.__NVIC_DisableIRQ
                0x0000000008000fb0       0x44 Drivers/STM32F4xx_HAL_Driver/Src/stm32f4xx_hal_cortex.o
 .text.__NVIC_SetPriority
                0x0000000008000ff4       0x54 Drivers/STM32F4xx_HAL_Driver/Src/stm32f4xx_hal_cortex.o
 .text.NVIC_EncodePriority
                0x0000000008001048       0x66 Drivers/STM32F4xx_HAL_Driver/Src/stm32f4xx_hal_cortex.o
 .text.HAL_NVIC_SetPriorityGrouping
                0x00000000080010ae       0x16 Drivers/STM32F4xx_HAL_Driver/Src/stm32f4xx_hal_cortex.o
                0x00000000080010ae                HAL_NVIC_SetPriorityGrouping
 .text.HAL_NVIC_SetPriority
                0x00000000080010c4       0x38 Drivers/STM32F4xx_HAL_Driver/Src/stm32f4xx_hal_cortex.o
                0x00000000080010c4                HAL_NVIC_SetPriority
 .text.HAL_NVIC_EnableIRQ
                0x00000000080010fc       0x1c Drivers/STM32F4xx_HAL_Driver/Src/stm32f4xx_hal_cortex.o
                0x00000000080010fc                HAL_NVIC_EnableIRQ
 .text.HAL_NVIC_DisableIRQ
                0x0000000008001118       0x1c Drivers/STM32F4xx_HAL_Driver/Src/stm32f4xx_hal_cortex.o
                0x0000000008001118                HAL_NVIC_DisableIRQ
 .text.HAL_DMA_Abort_IT
                0x0000000008001134       0x44 Drivers/STM32F4xx_HAL_Driver/Src/stm32f4xx_hal_dma.o
                0x0000000008001134                HAL_DMA_Abort_IT
 .text.HAL_DMA_GetState
                0x0000000008001178       0x1c Drivers/STM32F4xx_HAL_Driver/Src/stm32f4xx_hal_dma.o
                0x0000000008001178                HAL_DMA_GetState
 .text.HAL_GPIO_Init
                0x0000000008001194      0x304 Drivers/STM32F4xx_HAL_Driver/Src/stm32f4xx_hal_gpio.o
                0x0000000008001194                HAL_GPIO_Init
 .text.HAL_GPIO_DeInit
                0x0000000008001498      0x1c4 Drivers/STM32F4xx_HAL_Driver/Src/stm32f4xx_hal_gpio.o
                0x0000000008001498                HAL_GPIO_DeInit
 .text.HAL_GPIO_ReadPin
                0x000000000800165c       0x30 Drivers/STM32F4xx_HAL_Driver/Src/stm32f4xx_hal_gpio.o
                0x000000000800165c                HAL_GPIO_ReadPin
 .text.HAL_GPIO_WritePin
                0x000000000800168c       0x32 Drivers/STM32F4xx_HAL_Driver/Src/stm32f4xx_hal_gpio.o
                0x000000000800168c                HAL_GPIO_WritePin
 .text.HAL_GPIO_TogglePin
                0x00000000080016be       0x36 Drivers/STM32F4xx_HAL_Driver/Src/stm32f4xx_hal_gpio.o
                0x00000000080016be                HAL_GPIO_TogglePin
 .text.HAL_I2C_Init
                0x00000000080016f4      0x250 Drivers/STM32F4xx_HAL_Driver/Src/stm32f4xx_hal_i2c.o
                0x00000000080016f4                HAL_I2C_Init
 .text.HAL_I2C_EV_IRQHandler
                0x0000000008001944      0x2cc Drivers/STM32F4xx_HAL_Driver/Src/stm32f4xx_hal_i2c.o
                0x0000000008001944                HAL_I2C_EV_IRQHandler
 .text.HAL_I2C_ER_IRQHandler
                0x0000000008001c10      0x14a Drivers/STM32F4xx_HAL_Driver/Src/stm32f4xx_hal_i2c.o
                0x0000000008001c10                HAL_I2C_ER_IRQHandler
 .text.HAL_I2C_MasterTxCpltCallback
                0x0000000008001d5a       0x14 Drivers/STM32F4xx_HAL_Driver/Src/stm32f4xx_hal_i2c.o
                0x0000000008001d5a                HAL_I2C_MasterTxCpltCallback
 .text.HAL_I2C_MasterRxCpltCallback
                0x0000000008001d6e       0x14 Drivers/STM32F4xx_HAL_Driver/Src/stm32f4xx_hal_i2c.o
                0x0000000008001d6e                HAL_I2C_MasterRxCpltCallback
 .text.HAL_I2C_SlaveTxCpltCallback
                0x0000000008001d82       0x14 Drivers/STM32F4xx_HAL_Driver/Src/stm32f4xx_hal_i2c.o
                0x0000000008001d82                HAL_I2C_SlaveTxCpltCallback
 .text.HAL_I2C_SlaveRxCpltCallback
                0x0000000008001d96       0x14 Drivers/STM32F4xx_HAL_Driver/Src/stm32f4xx_hal_i2c.o
                0x0000000008001d96                HAL_I2C_SlaveRxCpltCallback
 .text.HAL_I2C_AddrCallback
                0x0000000008001daa       0x1c Drivers/STM32F4xx_HAL_Driver/Src/stm32f4xx_hal_i2c.o
                0x0000000008001daa                HAL_I2C_AddrCallback
 .text.HAL_I2C_ListenCpltCallback
                0x0000000008001dc6       0x14 Drivers/STM32F4xx_HAL_Driver/Src/stm32f4xx_hal_i2c.o
                0x0000000008001dc6                HAL_I2C_ListenCpltCallback
 .text.HAL_I2C_MemTxCpltCallback
                0x0000000008001dda       0x14 Drivers/STM32F4xx_HAL_Driver/Src/stm32f4xx_hal_i2c.o
                0x0000000008001dda                HAL_I2C_MemTxCpltCallback
 .text.HAL_I2C_MemRxCpltCallback
                0x0000000008001dee       0x14 Drivers/STM32F4xx_HAL_Driver/Src/stm32f4xx_hal_i2c.o
                0x0000000008001dee                HAL_I2C_MemRxCpltCallback
 .text.HAL_I2C_ErrorCallback
                0x0000000008001e02       0x14 Drivers/STM32F4xx_HAL_Driver/Src/stm32f4xx_hal_i2c.o
                0x0000000008001e02                HAL_I2C_ErrorCallback
 .text.HAL_I2C_AbortCpltCallback
                0x0000000008001e16       0x14 Drivers/STM32F4xx_HAL_Driver/Src/stm32f4xx_hal_i2c.o
                0x0000000008001e16                HAL_I2C_AbortCpltCallback
 .text.I2C_MasterTransmit_TXE
                0x0000000008001e2a      0x1f0 Drivers/STM32F4xx_HAL_Driver/Src/stm32f4xx_hal_i2c.o
 .text.I2C_MasterTransmit_BTF
                0x000000000800201a       0xec Drivers/STM32F4xx_HAL_Driver/Src/stm32f4xx_hal_i2c.o
 .text.I2C_MasterReceive_RXNE
                0x0000000008002106      0x104 Drivers/STM32F4xx_HAL_Driver/Src/stm32f4xx_hal_i2c.o
 .text.I2C_MasterReceive_BTF
                0x000000000800220a      0x1d4 Drivers/STM32F4xx_HAL_Driver/Src/stm32f4xx_hal_i2c.o
 .text.I2C_Master_SB
                0x00000000080023de      0x10c Drivers/STM32F4xx_HAL_Driver/Src/stm32f4xx_hal_i2c.o
 .text.I2C_Master_ADD10
                0x00000000080024ea       0x54 Drivers/STM32F4xx_HAL_Driver/Src/stm32f4xx_hal_i2c.o
 .text.I2C_Master_ADDR
                0x000000000800253e      0x322 Drivers/STM32F4xx_HAL_Driver/Src/stm32f4xx_hal_i2c.o
 .text.I2C_SlaveTransmit_TXE
                0x0000000008002860       0x7a Drivers/STM32F4xx_HAL_Driver/Src/stm32f4xx_hal_i2c.o
 .text.I2C_SlaveTransmit_BTF
                0x00000000080028da       0x42 Drivers/STM32F4xx_HAL_Driver/Src/stm32f4xx_hal_i2c.o
 .text.I2C_SlaveReceive_RXNE
                0x000000000800291c       0x7c Drivers/STM32F4xx_HAL_Driver/Src/stm32f4xx_hal_i2c.o
 .text.I2C_SlaveReceive_BTF
                0x0000000008002998       0x44 Drivers/STM32F4xx_HAL_Driver/Src/stm32f4xx_hal_i2c.o
 .text.I2C_Slave_ADDR
                0x00000000080029dc       0x88 Drivers/STM32F4xx_HAL_Driver/Src/stm32f4xx_hal_i2c.o
 .text.I2C_Slave_STOPF
                0x0000000008002a64      0x260 Drivers/STM32F4xx_HAL_Driver/Src/stm32f4xx_hal_i2c.o
 .text.I2C_Slave_AF
                0x0000000008002cc4       0xe0 Drivers/STM32F4xx_HAL_Driver/Src/stm32f4xx_hal_i2c.o
 .text.I2C_ITError
                0x0000000008002da4      0x230 Drivers/STM32F4xx_HAL_Driver/Src/stm32f4xx_hal_i2c.o
 .text.I2C_DMAAbort
                0x0000000008002fd4       0xde Drivers/STM32F4xx_HAL_Driver/Src/stm32f4xx_hal_i2c.o
 .text.I2C_ConvertOtherXferOptions
                0x00000000080030b2       0x36 Drivers/STM32F4xx_HAL_Driver/Src/stm32f4xx_hal_i2c.o
 .text.HAL_RCC_OscConfig
                0x00000000080030e8      0x484 Drivers/STM32F4xx_HAL_Driver/Src/stm32f4xx_hal_rcc.o
                0x00000000080030e8                HAL_RCC_OscConfig
 .text.HAL_RCC_ClockConfig
                0x000000000800356c      0x1c4 Drivers/STM32F4xx_HAL_Driver/Src/stm32f4xx_hal_rcc.o
                0x000000000800356c                HAL_RCC_ClockConfig
 .text.HAL_RCC_GetSysClockFreq
                0x0000000008003730      0x164 Drivers/STM32F4xx_HAL_Driver/Src/stm32f4xx_hal_rcc.o
                0x0000000008003730                HAL_RCC_GetSysClockFreq
 .text.HAL_RCC_GetHCLKFreq
                0x0000000008003894       0x18 Drivers/STM32F4xx_HAL_Driver/Src/stm32f4xx_hal_rcc.o
                0x0000000008003894                HAL_RCC_GetHCLKFreq
 .text.HAL_RCC_GetPCLK1Freq
                0x00000000080038ac       0x28 Drivers/STM32F4xx_HAL_Driver/Src/stm32f4xx_hal_rcc.o
                0x00000000080038ac                HAL_RCC_GetPCLK1Freq
 .text.HAL_RCC_GetPCLK2Freq
                0x00000000080038d4       0x28 Drivers/STM32F4xx_HAL_Driver/Src/stm32f4xx_hal_rcc.o
                0x00000000080038d4                HAL_RCC_GetPCLK2Freq
 .text.HAL_RCC_GetClockConfig
                0x00000000080038fc       0x64 Drivers/STM32F4xx_HAL_Driver/Src/stm32f4xx_hal_rcc.o
                0x00000000080038fc                HAL_RCC_GetClockConfig
 .text.HAL_SPI_Init
                0x0000000008003960       0xc8 Drivers/STM32F4xx_HAL_Driver/Src/stm32f4xx_hal_spi.o
                0x0000000008003960                HAL_SPI_Init
 .text.HAL_TIM_Base_Init
                0x0000000008003a28       0x56 Drivers/STM32F4xx_HAL_Driver/Src/stm32f4xx_hal_tim.o
                0x0000000008003a28                HAL_TIM_Base_Init
 .text.HAL_TIM_Base_DeInit
                0x0000000008003a7e       0x60 Drivers/STM32F4xx_HAL_Driver/Src/stm32f4xx_hal_tim.o
                0x0000000008003a7e                HAL_TIM_Base_DeInit
 .text.HAL_TIM_Base_Start_IT
                0x0000000008003ade       0x48 Drivers/STM32F4xx_HAL_Driver/Src/stm32f4xx_hal_tim.o
                0x0000000008003ade                HAL_TIM_Base_Start_IT
 .text.HAL_TIM_PWM_Init
                0x0000000008003b26       0x56 Drivers/STM32F4xx_HAL_Driver/Src/stm32f4xx_hal_tim.o
                0x0000000008003b26                HAL_TIM_PWM_Init
 .text.HAL_TIM_PWM_MspInit
                0x0000000008003b7c       0x14 Drivers/STM32F4xx_HAL_Driver/Src/stm32f4xx_hal_tim.o
                0x0000000008003b7c                HAL_TIM_PWM_MspInit
 .text.HAL_TIM_PWM_Start
                0x0000000008003b90       0x64 Drivers/STM32F4xx_HAL_Driver/Src/stm32f4xx_hal_tim.o
                0x0000000008003b90                HAL_TIM_PWM_Start
 .text.HAL_TIM_IC_Init
                0x0000000008003bf4       0x56 Drivers/STM32F4xx_HAL_Driver/Src/stm32f4xx_hal_tim.o
                0x0000000008003bf4                HAL_TIM_IC_Init
 .text.HAL_TIM_IC_MspInit
                0x0000000008003c4a       0x14 Drivers/STM32F4xx_HAL_Driver/Src/stm32f4xx_hal_tim.o
                0x0000000008003c4a                HAL_TIM_IC_MspInit
 *fill*         0x0000000008003c5e        0x2 
 .text.HAL_TIM_IC_Stop_IT
                0x0000000008003c60       0xe0 Drivers/STM32F4xx_HAL_Driver/Src/stm32f4xx_hal_tim.o
                0x0000000008003c60                HAL_TIM_IC_Stop_IT
 .text.HAL_TIM_IRQHandler
                0x0000000008003d40      0x210 Drivers/STM32F4xx_HAL_Driver/Src/stm32f4xx_hal_tim.o
                0x0000000008003d40                HAL_TIM_IRQHandler
 .text.HAL_TIM_IC_ConfigChannel
                0x0000000008003f50      0x138 Drivers/STM32F4xx_HAL_Driver/Src/stm32f4xx_hal_tim.o
                0x0000000008003f50                HAL_TIM_IC_ConfigChannel
 .text.HAL_TIM_PWM_ConfigChannel
                0x0000000008004088      0x18c Drivers/STM32F4xx_HAL_Driver/Src/stm32f4xx_hal_tim.o
                0x0000000008004088                HAL_TIM_PWM_ConfigChannel
 .text.HAL_TIM_ConfigClockSource
                0x0000000008004214      0x16e Drivers/STM32F4xx_HAL_Driver/Src/stm32f4xx_hal_tim.o
                0x0000000008004214                HAL_TIM_ConfigClockSource
 .text.HAL_TIM_OC_DelayElapsedCallback
                0x0000000008004382       0x14 Drivers/STM32F4xx_HAL_Driver/Src/stm32f4xx_hal_tim.o
                0x0000000008004382                HAL_TIM_OC_DelayElapsedCallback
 .text.HAL_TIM_PWM_PulseFinishedCallback
                0x0000000008004396       0x14 Drivers/STM32F4xx_HAL_Driver/Src/stm32f4xx_hal_tim.o
                0x0000000008004396                HAL_TIM_PWM_PulseFinishedCallback
 .text.HAL_TIM_TriggerCallback
                0x00000000080043aa       0x14 Drivers/STM32F4xx_HAL_Driver/Src/stm32f4xx_hal_tim.o
                0x00000000080043aa                HAL_TIM_TriggerCallback
 *fill*         0x00000000080043be        0x2 
 .text.TIM_Base_SetConfig
                0x00000000080043c0      0x100 Drivers/STM32F4xx_HAL_Driver/Src/stm32f4xx_hal_tim.o
                0x00000000080043c0                TIM_Base_SetConfig
 .text.TIM_OC1_SetConfig
                0x00000000080044c0       0xcc Drivers/STM32F4xx_HAL_Driver/Src/stm32f4xx_hal_tim.o
 .text.TIM_OC2_SetConfig
                0x000000000800458c       0xd8 Drivers/STM32F4xx_HAL_Driver/Src/stm32f4xx_hal_tim.o
                0x000000000800458c                TIM_OC2_SetConfig
 .text.TIM_OC3_SetConfig
                0x0000000008004664       0xd4 Drivers/STM32F4xx_HAL_Driver/Src/stm32f4xx_hal_tim.o
 .text.TIM_OC4_SetConfig
                0x0000000008004738       0xa0 Drivers/STM32F4xx_HAL_Driver/Src/stm32f4xx_hal_tim.o
 .text.TIM_TI1_SetConfig
                0x00000000080047d8       0xd0 Drivers/STM32F4xx_HAL_Driver/Src/stm32f4xx_hal_tim.o
                0x00000000080047d8                TIM_TI1_SetConfig
 .text.TIM_TI1_ConfigInputStage
                0x00000000080048a8       0x5e Drivers/STM32F4xx_HAL_Driver/Src/stm32f4xx_hal_tim.o
 .text.TIM_TI2_SetConfig
                0x0000000008004906       0x7a Drivers/STM32F4xx_HAL_Driver/Src/stm32f4xx_hal_tim.o
 .text.TIM_TI2_ConfigInputStage
                0x0000000008004980       0x60 Drivers/STM32F4xx_HAL_Driver/Src/stm32f4xx_hal_tim.o
 .text.TIM_TI3_SetConfig
                0x00000000080049e0       0x78 Drivers/STM32F4xx_HAL_Driver/Src/stm32f4xx_hal_tim.o
 .text.TIM_TI4_SetConfig
                0x0000000008004a58       0x7a Drivers/STM32F4xx_HAL_Driver/Src/stm32f4xx_hal_tim.o
 .text.TIM_ITRx_SetConfig
                0x0000000008004ad2       0x36 Drivers/STM32F4xx_HAL_Driver/Src/stm32f4xx_hal_tim.o
 .text.TIM_ETR_SetConfig
                0x0000000008004b08       0x40 Drivers/STM32F4xx_HAL_Driver/Src/stm32f4xx_hal_tim.o
                0x0000000008004b08                TIM_ETR_SetConfig
 .text.TIM_CCxChannelCmd
                0x0000000008004b48       0x4a Drivers/STM32F4xx_HAL_Driver/Src/stm32f4xx_hal_tim.o
                0x0000000008004b48                TIM_CCxChannelCmd
 .text.HAL_TIMEx_MasterConfigSynchronization
                0x0000000008004b92       0x8a Drivers/STM32F4xx_HAL_Driver/Src/stm32f4xx_hal_tim_ex.o
                0x0000000008004b92                HAL_TIMEx_MasterConfigSynchronization
 .text.HAL_TIMEx_ConfigBreakDeadTime
                0x0000000008004c1c       0xa4 Drivers/STM32F4xx_HAL_Driver/Src/stm32f4xx_hal_tim_ex.o
                0x0000000008004c1c                HAL_TIMEx_ConfigBreakDeadTime
 .text.HAL_TIMEx_CommutCallback
                0x0000000008004cc0       0x14 Drivers/STM32F4xx_HAL_Driver/Src/stm32f4xx_hal_tim_ex.o
                0x0000000008004cc0                HAL_TIMEx_CommutCallback
 .text.HAL_TIMEx_BreakCallback
                0x0000000008004cd4       0x14 Drivers/STM32F4xx_HAL_Driver/Src/stm32f4xx_hal_tim_ex.o
                0x0000000008004cd4                HAL_TIMEx_BreakCallback
 .text.HAL_UART_Init
                0x0000000008004ce8       0x9a Drivers/STM32F4xx_HAL_Driver/Src/stm32f4xx_hal_uart.o
                0x0000000008004ce8                HAL_UART_Init
 .text.HAL_UART_Transmit
                0x0000000008004d82      0x132 Drivers/STM32F4xx_HAL_Driver/Src/stm32f4xx_hal_uart.o
                0x0000000008004d82                HAL_UART_Transmit
 .text.HAL_UART_IRQHandler
                0x0000000008004eb4      0x1f8 Drivers/STM32F4xx_HAL_Driver/Src/stm32f4xx_hal_uart.o
                0x0000000008004eb4                HAL_UART_IRQHandler
 .text.HAL_UART_TxCpltCallback
                0x00000000080050ac       0x14 Drivers/STM32F4xx_HAL_Driver/Src/stm32f4xx_hal_uart.o
                0x00000000080050ac                HAL_UART_TxCpltCallback
 .text.HAL_UART_RxCpltCallback
                0x00000000080050c0       0x14 Drivers/STM32F4xx_HAL_Driver/Src/stm32f4xx_hal_uart.o
                0x00000000080050c0                HAL_UART_RxCpltCallback
 .text.HAL_UART_ErrorCallback
                0x00000000080050d4       0x14 Drivers/STM32F4xx_HAL_Driver/Src/stm32f4xx_hal_uart.o
                0x00000000080050d4                HAL_UART_ErrorCallback
 .text.UART_WaitOnFlagUntilTimeout
                0x00000000080050e8       0x94 Drivers/STM32F4xx_HAL_Driver/Src/stm32f4xx_hal_uart.o
 .text.UART_EndRxTransfer
                0x000000000800517c       0x3c Drivers/STM32F4xx_HAL_Driver/Src/stm32f4xx_hal_uart.o
 .text.UART_DMAAbortOnError
                0x00000000080051b8       0x28 Drivers/STM32F4xx_HAL_Driver/Src/stm32f4xx_hal_uart.o
 .text.UART_Transmit_IT
                0x00000000080051e0       0xac Drivers/STM32F4xx_HAL_Driver/Src/stm32f4xx_hal_uart.o
 .text.UART_EndTransmit_IT
                0x000000000800528c       0x30 Drivers/STM32F4xx_HAL_Driver/Src/stm32f4xx_hal_uart.o
 .text.UART_Receive_IT
                0x00000000080052bc      0x102 Drivers/STM32F4xx_HAL_Driver/Src/stm32f4xx_hal_uart.o
 *fill*         0x00000000080053be        0x2 
 .text.UART_SetConfig
                0x00000000080053c0      0x414 Drivers/STM32F4xx_HAL_Driver/Src/stm32f4xx_hal_uart.o
 .text.makeFreeRtosPriority
                0x00000000080057d4       0x30 Middlewares/Third_Party/FreeRTOS/Source/CMSIS_RTOS/cmsis_os.o
 .text.osKernelStart
                0x0000000008005804        0xe Middlewares/Third_Party/FreeRTOS/Source/CMSIS_RTOS/cmsis_os.o
                0x0000000008005804                osKernelStart
 .text.osThreadCreate
                0x0000000008005812       0x98 Middlewares/Third_Party/FreeRTOS/Source/CMSIS_RTOS/cmsis_os.o
                0x0000000008005812                osThreadCreate
 .text.osDelay  0x00000000080058aa       0x28 Middlewares/Third_Party/FreeRTOS/Source/CMSIS_RTOS/cmsis_os.o
                0x00000000080058aa                osDelay
 .text.vListInitialise
                0x00000000080058d2       0x40 Middlewares/Third_Party/FreeRTOS/Source/list.o
                0x00000000080058d2                vListInitialise
 .text.vListInitialiseItem
                0x0000000008005912       0x1a Middlewares/Third_Party/FreeRTOS/Source/list.o
                0x0000000008005912                vListInitialiseItem
 .text.vListInsertEnd
                0x000000000800592c       0x48 Middlewares/Third_Party/FreeRTOS/Source/list.o
                0x000000000800592c                vListInsertEnd
 .text.vListInsert
                0x0000000008005974       0x72 Middlewares/Third_Party/FreeRTOS/Source/list.o
                0x0000000008005974                vListInsert
 .text.uxListRemove
                0x00000000080059e6       0x54 Middlewares/Third_Party/FreeRTOS/Source/list.o
                0x00000000080059e6                uxListRemove
 .text.xTaskCreateStatic
                0x0000000008005a3a       0xb2 Middlewares/Third_Party/FreeRTOS/Source/tasks.o
                0x0000000008005a3a                xTaskCreateStatic
 .text.xTaskCreate
                0x0000000008005aec       0x8a Middlewares/Third_Party/FreeRTOS/Source/tasks.o
                0x0000000008005aec                xTaskCreate
 .text.prvInitialiseNewTask
                0x0000000008005b76       0xfc Middlewares/Third_Party/FreeRTOS/Source/tasks.o
 *fill*         0x0000000008005c72        0x2 
 .text.prvAddNewTaskToReadyList
                0x0000000008005c74       0xd4 Middlewares/Third_Party/FreeRTOS/Source/tasks.o
 .text.vTaskDelay
                0x0000000008005d48       0x68 Middlewares/Third_Party/FreeRTOS/Source/tasks.o
                0x0000000008005d48                vTaskDelay
 .text.vTaskStartScheduler
                0x0000000008005db0       0xbc Middlewares/Third_Party/FreeRTOS/Source/tasks.o
                0x0000000008005db0                vTaskStartScheduler
 .text.vTaskSuspendAll
                0x0000000008005e6c       0x1c Middlewares/Third_Party/FreeRTOS/Source/tasks.o
                0x0000000008005e6c                vTaskSuspendAll
 .text.xTaskResumeAll
                0x0000000008005e88      0x138 Middlewares/Third_Party/FreeRTOS/Source/tasks.o
                0x0000000008005e88                xTaskResumeAll
 .text.xTaskIncrementTick
                0x0000000008005fc0      0x178 Middlewares/Third_Party/FreeRTOS/Source/tasks.o
                0x0000000008005fc0                xTaskIncrementTick
 .text.vTaskSwitchContext
                0x0000000008006138       0xb4 Middlewares/Third_Party/FreeRTOS/Source/tasks.o
                0x0000000008006138                vTaskSwitchContext
 .text.prvIdleTask
                0x00000000080061ec       0x30 Middlewares/Third_Party/FreeRTOS/Source/tasks.o
 .text.prvInitialiseTaskLists
                0x000000000800621c       0x80 Middlewares/Third_Party/FreeRTOS/Source/tasks.o
 .text.prvCheckTasksWaitingTermination
                0x000000000800629c       0x58 Middlewares/Third_Party/FreeRTOS/Source/tasks.o
 .text.prvDeleteTCB
                0x00000000080062f4       0x5c Middlewares/Third_Party/FreeRTOS/Source/tasks.o
 .text.prvResetNextTaskUnblockTime
                0x0000000008006350       0x4c Middlewares/Third_Party/FreeRTOS/Source/tasks.o
 .text.prvAddCurrentTaskToDelayedList
                0x000000000800639c       0xcc Middlewares/Third_Party/FreeRTOS/Source/tasks.o
 .text.pxPortInitialiseStack
                0x0000000008006468       0x68 Middlewares/Third_Party/FreeRTOS/Source/portable/GCC/ARM_CM4F/port.o
                0x0000000008006468                pxPortInitialiseStack
 .text.prvTaskExitError
                0x00000000080064d0       0x54 Middlewares/Third_Party/FreeRTOS/Source/portable/GCC/ARM_CM4F/port.o
 *fill*         0x0000000008006524        0xc 
 .text.SVC_Handler
                0x0000000008006530       0x28 Middlewares/Third_Party/FreeRTOS/Source/portable/GCC/ARM_CM4F/port.o
                0x0000000008006530                SVC_Handler
 .text.prvPortStartFirstTask
                0x0000000008006558       0x28 Middlewares/Third_Party/FreeRTOS/Source/portable/GCC/ARM_CM4F/port.o
 .text.xPortStartScheduler
                0x0000000008006580      0x13c Middlewares/Third_Party/FreeRTOS/Source/portable/GCC/ARM_CM4F/port.o
                0x0000000008006580                xPortStartScheduler
 .text.vPortEnterCritical
                0x00000000080066bc       0x5c Middlewares/Third_Party/FreeRTOS/Source/portable/GCC/ARM_CM4F/port.o
                0x00000000080066bc                vPortEnterCritical
 .text.vPortExitCritical
                0x0000000008006718       0x50 Middlewares/Third_Party/FreeRTOS/Source/portable/GCC/ARM_CM4F/port.o
                0x0000000008006718                vPortExitCritical
 *fill*         0x0000000008006768        0x8 
 .text.PendSV_Handler
                0x0000000008006770       0x68 Middlewares/Third_Party/FreeRTOS/Source/portable/GCC/ARM_CM4F/port.o
                0x0000000008006770                PendSV_Handler
 .text.SysTick_Handler
                0x00000000080067d8       0x40 Middlewares/Third_Party/FreeRTOS/Source/portable/GCC/ARM_CM4F/port.o
                0x00000000080067d8                SysTick_Handler
 .text.vPortSetupTimerInterrupt
                0x0000000008006818       0x48 Middlewares/Third_Party/FreeRTOS/Source/portable/GCC/ARM_CM4F/port.o
                0x0000000008006818                vPortSetupTimerInterrupt
 .text.vPortEnableVFP
                0x0000000008006860       0x14 Middlewares/Third_Party/FreeRTOS/Source/portable/GCC/ARM_CM4F/port.o
 .text.pvPortMalloc
                0x0000000008006874      0x184 Middlewares/Third_Party/FreeRTOS/Source/portable/MemMang/heap_4.o
                0x0000000008006874                pvPortMalloc
 .text.vPortFree
                0x00000000080069f8       0xb0 Middlewares/Third_Party/FreeRTOS/Source/portable/MemMang/heap_4.o
                0x00000000080069f8                vPortFree
 .text.prvHeapInit
                0x0000000008006aa8       0xc4 Middlewares/Third_Party/FreeRTOS/Source/portable/MemMang/heap_4.o
 .text.prvInsertBlockIntoFreeList
                0x0000000008006b6c       0xb4 Middlewares/Third_Party/FreeRTOS/Source/portable/MemMang/heap_4.o
 .text.user_TIM_PeriodElapsedCallback
                0x0000000008006c20      0x178 Src/IRremote.o
                0x0000000008006c20                user_TIM_PeriodElapsedCallback
 .text.MATCH    0x0000000008006d98       0xa8 Src/IRremote.o
                0x0000000008006d98                MATCH
 .text.MATCH_MARK
                0x0000000008006e40       0xb0 Src/IRremote.o
                0x0000000008006e40                MATCH_MARK
 .text.MATCH_SPACE
                0x0000000008006ef0       0xb0 Src/IRremote.o
                0x0000000008006ef0                MATCH_SPACE
 .text.my_decode
                0x0000000008006fa0      0x12c Src/IRremote.o
                0x0000000008006fa0                my_decode
 .text.my_enableIRIn
                0x00000000080070cc       0x98 Src/IRremote.o
                0x00000000080070cc                my_enableIRIn
 .text.my_resume
                0x0000000008007164       0x20 Src/IRremote.o
                0x0000000008007164                my_resume
 *fill*         0x0000000008007184        0x4 
 .text.compare  0x0000000008007188       0x80 Src/IRremote.o
                0x0000000008007188                compare
 .text.decodeHash
                0x0000000008007208       0xa0 Src/IRremote.o
                0x0000000008007208                decodeHash
 .text.fan_init
                0x00000000080072a8      0x128 Src/fan.o
                0x00000000080072a8                fan_init
 .text.xiaomi_fan_run
                0x00000000080073d0       0x64 Src/fan.o
                0x00000000080073d0                xiaomi_fan_run
 .text.xiaomi_fan_stop
                0x0000000008007434       0x24 Src/fan.o
                0x0000000008007434                xiaomi_fan_stop
 .text.fan_1_stop
                0x0000000008007458       0x18 Src/fan.o
                0x0000000008007458                fan_1_stop
 .text.fan_2_stop
                0x0000000008007470       0x24 Src/fan.o
                0x0000000008007470                fan_2_stop
 .text.vApplicationGetIdleTaskMemory
                0x0000000008007494       0x34 Src/freertos.o
                0x0000000008007494                vApplicationGetIdleTaskMemory
 .text.DWT_Init
                0x00000000080074c8       0x30 Src/irSend.o
                0x00000000080074c8                DWT_Init
 .text.decodeAiwaRCT501
                0x00000000080074f8      0x13c Src/ir_Aiwa.o
                0x00000000080074f8                decodeAiwaRCT501
 .text.decodeDenon
                0x0000000008007634      0x11c Src/ir_Denon.o
                0x0000000008007634                decodeDenon
 .text.decodeJVC
                0x0000000008007750      0x1a8 Src/ir_JVC.o
                0x0000000008007750                decodeJVC
 .text.decodeLG
                0x00000000080078f8      0x140 Src/ir_LG.o
                0x00000000080078f8                decodeLG
 .text.decodeMitsubishi
                0x0000000008007a38      0x11c Src/ir_Mitsubishi.o
                0x0000000008007a38                decodeMitsubishi
 .text.decodeNEC
                0x0000000008007b54      0x184 Src/ir_NEC.o
                0x0000000008007b54                decodeNEC
 .text.decodePanasonic
                0x0000000008007cd8      0x14c Src/ir_Panasonic.o
                0x0000000008007cd8                decodePanasonic
 .text.getRClevel
                0x0000000008007e24       0xe0 Src/ir_RC5_RC6.o
                0x0000000008007e24                getRClevel
 .text.decodeRC5
                0x0000000008007f04      0x10c Src/ir_RC5_RC6.o
                0x0000000008007f04                decodeRC5
 .text.decodeRC6
                0x0000000008008010      0x17e Src/ir_RC5_RC6.o
                0x0000000008008010                decodeRC6
 *fill*         0x000000000800818e        0x2 
 .text.decodeSAMSUNG
                0x0000000008008190      0x180 Src/ir_Samsung.o
                0x0000000008008190                decodeSAMSUNG
 .text.decodeSanyo
                0x0000000008008310      0x168 Src/ir_Sanyo.o
                0x0000000008008310                decodeSanyo
 .text.decodeSony
                0x0000000008008478      0x144 Src/ir_Sony.o
                0x0000000008008478                decodeSony
 .text.decodeWhynter
                0x00000000080085bc      0x18c Src/ir_Whynter.o
                0x00000000080085bc                decodeWhynter
 .text.__io_putchar
                0x0000000008008748       0x24 Src/main.o
                0x0000000008008748                __io_putchar
 .text.Control_IR
                0x000000000800876c      0x1f8 Src/main.o
                0x000000000800876c                Control_IR
 .text.main     0x0000000008008964      0x184 Src/main.o
                0x0000000008008964                main
 .text.SystemClock_Config
                0x0000000008008ae8       0xd4 Src/main.o
                0x0000000008008ae8                SystemClock_Config
 .text.MX_I2C1_Init
                0x0000000008008bbc       0x5c Src/main.o
 .text.MX_I2C2_Init
                0x0000000008008c18       0x5c Src/main.o
 .text.MX_SPI2_Init
                0x0000000008008c74       0x6c Src/main.o
 .text.MX_SPI3_Init
                0x0000000008008ce0       0x6c Src/main.o
 .text.MX_TIM1_Init
                0x0000000008008d4c      0x184 Src/main.o
 .text.MX_TIM2_Init
                0x0000000008008ed0       0xe8 Src/main.o
 .text.MX_TIM3_Init
                0x0000000008008fb8       0x98 Src/main.o
 .text.MX_USART1_UART_Init
                0x0000000008009050       0x54 Src/main.o
 .text.MX_USART2_UART_Init
                0x00000000080090a4       0x54 Src/main.o
 .text.MX_USART6_UART_Init
                0x00000000080090f8       0x54 Src/main.o
 .text.MX_GPIO_Init
                0x000000000800914c      0x128 Src/main.o
 .text.HAL_TIM_IC_CaptureCallback
                0x0000000008009274       0x84 Src/main.o
                0x0000000008009274                HAL_TIM_IC_CaptureCallback
 .text.StartSensor_Task
                0x00000000080092f8       0x20 Src/main.o
                0x00000000080092f8                StartSensor_Task
 .text.StartControl_Task
                0x0000000008009318      0x150 Src/main.o
                0x0000000008009318                StartControl_Task
 .text.StartDisplay_task
                0x0000000008009468       0x12 Src/main.o
                0x0000000008009468                StartDisplay_task
 .text.StartServer_task
                0x000000000800947a       0x12 Src/main.o
                0x000000000800947a                StartServer_task
 .text.HAL_TIM_PeriodElapsedCallback
                0x000000000800948c       0x28 Src/main.o
                0x000000000800948c                HAL_TIM_PeriodElapsedCallback
 .text.Error_Handler
                0x00000000080094b4        0xe Src/main.o
                0x00000000080094b4                Error_Handler
 *fill*         0x00000000080094c2        0x2 
 .text.HAL_MspInit
                0x00000000080094c4       0x58 Src/stm32f4xx_hal_msp.o
                0x00000000080094c4                HAL_MspInit
 .text.HAL_I2C_MspInit
                0x000000000800951c      0x138 Src/stm32f4xx_hal_msp.o
                0x000000000800951c                HAL_I2C_MspInit
 .text.HAL_SPI_MspInit
                0x0000000008009654      0x178 Src/stm32f4xx_hal_msp.o
                0x0000000008009654                HAL_SPI_MspInit
 .text.HAL_TIM_Base_MspInit
                0x00000000080097cc      0x114 Src/stm32f4xx_hal_msp.o
                0x00000000080097cc                HAL_TIM_Base_MspInit
 .text.HAL_TIM_MspPostInit
                0x00000000080098e0       0xbc Src/stm32f4xx_hal_msp.o
                0x00000000080098e0                HAL_TIM_MspPostInit
 .text.HAL_TIM_Base_MspDeInit
                0x000000000800999c       0x84 Src/stm32f4xx_hal_msp.o
                0x000000000800999c                HAL_TIM_Base_MspDeInit
 .text.HAL_UART_MspInit
                0x0000000008009a20      0x174 Src/stm32f4xx_hal_msp.o
                0x0000000008009a20                HAL_UART_MspInit
 .text.HAL_InitTick
                0x0000000008009b94       0xb4 Src/stm32f4xx_hal_timebase_tim.o
                0x0000000008009b94                HAL_InitTick
 .text.NMI_Handler
                0x0000000008009c48        0xe Src/stm32f4xx_it.o
                0x0000000008009c48                NMI_Handler
 .text.HardFault_Handler
                0x0000000008009c56        0x6 Src/stm32f4xx_it.o
                0x0000000008009c56                HardFault_Handler
 .text.MemManage_Handler
                0x0000000008009c5c        0x6 Src/stm32f4xx_it.o
                0x0000000008009c5c                MemManage_Handler
 .text.BusFault_Handler
                0x0000000008009c62        0x6 Src/stm32f4xx_it.o
                0x0000000008009c62                BusFault_Handler
 .text.UsageFault_Handler
                0x0000000008009c68        0x6 Src/stm32f4xx_it.o
                0x0000000008009c68                UsageFault_Handler
 .text.DebugMon_Handler
                0x0000000008009c6e        0xe Src/stm32f4xx_it.o
                0x0000000008009c6e                DebugMon_Handler
 .text.TIM1_CC_IRQHandler
                0x0000000008009c7c       0x14 Src/stm32f4xx_it.o
                0x0000000008009c7c                TIM1_CC_IRQHandler
 .text.TIM2_IRQHandler
                0x0000000008009c90       0x14 Src/stm32f4xx_it.o
                0x0000000008009c90                TIM2_IRQHandler
 .text.TIM3_IRQHandler
                0x0000000008009ca4       0x14 Src/stm32f4xx_it.o
                0x0000000008009ca4                TIM3_IRQHandler
 .text.TIM4_IRQHandler
                0x0000000008009cb8       0x14 Src/stm32f4xx_it.o
                0x0000000008009cb8                TIM4_IRQHandler
 .text.I2C1_EV_IRQHandler
                0x0000000008009ccc       0x14 Src/stm32f4xx_it.o
                0x0000000008009ccc                I2C1_EV_IRQHandler
 .text.I2C1_ER_IRQHandler
                0x0000000008009ce0       0x14 Src/stm32f4xx_it.o
                0x0000000008009ce0                I2C1_ER_IRQHandler
 .text.USART2_IRQHandler
                0x0000000008009cf4       0x14 Src/stm32f4xx_it.o
                0x0000000008009cf4                USART2_IRQHandler
 .text._read    0x0000000008009d08       0x3a Src/syscalls.o
                0x0000000008009d08                _read
 .text._write   0x0000000008009d42       0x38 Src/syscalls.o
                0x0000000008009d42                _write
 .text._close   0x0000000008009d7a       0x18 Src/syscalls.o
                0x0000000008009d7a                _close
 .text._fstat   0x0000000008009d92       0x20 Src/syscalls.o
                0x0000000008009d92                _fstat
 .text._isatty  0x0000000008009db2       0x16 Src/syscalls.o
                0x0000000008009db2                _isatty
 .text._lseek   0x0000000008009dc8       0x1a Src/syscalls.o
                0x0000000008009dc8                _lseek
 *fill*         0x0000000008009de2        0x2 
 .text._sbrk    0x0000000008009de4       0x58 Src/sysmem.o
                0x0000000008009de4                _sbrk
 .text.SystemInit
                0x0000000008009e3c       0x6c Src/system_stm32f4xx.o
                0x0000000008009e3c                SystemInit
 .text.TimerInit
                0x0000000008009ea8       0x20 Src/amw/amw_uart.o
                0x0000000008009ea8                TimerInit
 .text.TimerIsExpired
                0x0000000008009ec8       0x5a Src/amw/amw_uart.o
                0x0000000008009ec8                TimerIsExpired
 .text.TimerCountdownMS
                0x0000000008009f22       0x42 Src/amw/amw_uart.o
                0x0000000008009f22                TimerCountdownMS
 .text.TimerCountdown
                0x0000000008009f64       0x4a Src/amw/amw_uart.o
                0x0000000008009f64                TimerCountdown
 .text.TimerLeftMS
                0x0000000008009fae       0x52 Src/amw/amw_uart.o
                0x0000000008009fae                TimerLeftMS
 .text.NewMessageData
                0x000000000800a000       0x24 Src/mqtt/MQTTClient.o
 .text.sendPacket
                0x000000000800a024       0x92 Src/mqtt/MQTTClient.o
 .text.decodePacket
                0x000000000800a0b6       0x88 Src/mqtt/MQTTClient.o
 .text.readPacket
                0x000000000800a13e       0xc8 Src/mqtt/MQTTClient.o
 .text.isTopicMatched
                0x000000000800a206       0xd2 Src/mqtt/MQTTClient.o
 .text.deliverMessage
                0x000000000800a2d8       0xd6 Src/mqtt/MQTTClient.o
                0x000000000800a2d8                deliverMessage
 .text.keepalive
                0x000000000800a3ae       0x8e Src/mqtt/MQTTClient.o
                0x000000000800a3ae                keepalive
 .text.cycle    0x000000000800a43c      0x1c8 Src/mqtt/MQTTClient.o
                0x000000000800a43c                cycle
 .text.MQTTYield
                0x000000000800a604       0x5c Src/mqtt/MQTTClient.o
                0x000000000800a604                MQTTYield
 .text.MQTTSerialize_zero
                0x000000000800a660       0x72 Src/mqtt/MQTTConnectClient.o
                0x000000000800a660                MQTTSerialize_zero
 .text.MQTTSerialize_pingreq
                0x000000000800a6d2       0x1e Src/mqtt/MQTTConnectClient.o
                0x000000000800a6d2                MQTTSerialize_pingreq
 .text.MQTTDeserialize_publish
                0x000000000800a6f0       0xe4 Src/mqtt/MQTTDeserializePublish.o
                0x000000000800a6f0                MQTTDeserialize_publish
 .text.MQTTDeserialize_ack
                0x000000000800a7d4       0x96 Src/mqtt/MQTTDeserializePublish.o
                0x000000000800a7d4                MQTTDeserialize_ack
 .text.MQTTPacket_encode
                0x000000000800a86a       0x5e Src/mqtt/MQTTPacket.o
                0x000000000800a86a                MQTTPacket_encode
 .text.MQTTPacket_decode
                0x000000000800a8c8       0x78 Src/mqtt/MQTTPacket.o
                0x000000000800a8c8                MQTTPacket_decode
 .text.bufchar  0x000000000800a940       0x40 Src/mqtt/MQTTPacket.o
                0x000000000800a940                bufchar
 .text.MQTTPacket_decodeBuf
                0x000000000800a980       0x2c Src/mqtt/MQTTPacket.o
                0x000000000800a980                MQTTPacket_decodeBuf
 .text.readInt  0x000000000800a9ac       0x36 Src/mqtt/MQTTPacket.o
                0x000000000800a9ac                readInt
 .text.readChar
                0x000000000800a9e2       0x28 Src/mqtt/MQTTPacket.o
                0x000000000800a9e2                readChar
 .text.writeChar
                0x000000000800aa0a       0x2a Src/mqtt/MQTTPacket.o
                0x000000000800aa0a                writeChar
 .text.writeInt
                0x000000000800aa34       0x52 Src/mqtt/MQTTPacket.o
                0x000000000800aa34                writeInt
 .text.readMQTTLenString
                0x000000000800aa86       0x62 Src/mqtt/MQTTPacket.o
                0x000000000800aa86                readMQTTLenString
 .text.MQTTPacket_equals
                0x000000000800aae8       0x6e Src/mqtt/MQTTPacket.o
                0x000000000800aae8                MQTTPacket_equals
 .text.MQTTSerialize_ack
                0x000000000800ab56       0x9a Src/mqtt/MQTTSerializePublish.o
                0x000000000800ab56                MQTTSerialize_ack
 .text.Reset_Handler
                0x000000000800abf0       0x50 Startup/startup_stm32f411retx.o
                0x000000000800abf0                Reset_Handler
 .text.Default_Handler
                0x000000000800ac40        0x2 Startup/startup_stm32f411retx.o
                0x000000000800ac40                RTC_Alarm_IRQHandler
                0x000000000800ac40                EXTI2_IRQHandler
                0x000000000800ac40                SPI4_IRQHandler
                0x000000000800ac40                DMA2_Stream5_IRQHandler
                0x000000000800ac40                DMA1_Stream5_IRQHandler
                0x000000000800ac40                PVD_IRQHandler
                0x000000000800ac40                SDIO_IRQHandler
                0x000000000800ac40                TAMP_STAMP_IRQHandler
                0x000000000800ac40                EXTI3_IRQHandler
                0x000000000800ac40                TIM1_UP_TIM10_IRQHandler
                0x000000000800ac40                I2C3_ER_IRQHandler
                0x000000000800ac40                EXTI0_IRQHandler
                0x000000000800ac40                I2C2_EV_IRQHandler
                0x000000000800ac40                DMA1_Stream2_IRQHandler
                0x000000000800ac40                FPU_IRQHandler
                0x000000000800ac40                DMA2_Stream2_IRQHandler
                0x000000000800ac40                SPI1_IRQHandler
                0x000000000800ac40                TIM1_BRK_TIM9_IRQHandler
                0x000000000800ac40                DMA2_Stream3_IRQHandler
                0x000000000800ac40                USART6_IRQHandler
                0x000000000800ac40                DMA2_Stream0_IRQHandler
                0x000000000800ac40                DMA1_Stream6_IRQHandler
                0x000000000800ac40                DMA1_Stream1_IRQHandler
                0x000000000800ac40                RCC_IRQHandler
                0x000000000800ac40                Default_Handler
                0x000000000800ac40                EXTI15_10_IRQHandler
                0x000000000800ac40                ADC_IRQHandler
                0x000000000800ac40                DMA1_Stream7_IRQHandler
                0x000000000800ac40                SPI5_IRQHandler
                0x000000000800ac40                TIM5_IRQHandler
                0x000000000800ac40                DMA2_Stream7_IRQHandler
                0x000000000800ac40                I2C3_EV_IRQHandler
                0x000000000800ac40                EXTI9_5_IRQHandler
                0x000000000800ac40                RTC_WKUP_IRQHandler
                0x000000000800ac40                SPI2_IRQHandler
                0x000000000800ac40                DMA1_Stream0_IRQHandler
                0x000000000800ac40                EXTI4_IRQHandler
                0x000000000800ac40                WWDG_IRQHandler
                0x000000000800ac40                OTG_FS_WKUP_IRQHandler
                0x000000000800ac40                TIM1_TRG_COM_TIM11_IRQHandler
                0x000000000800ac40                EXTI1_IRQHandler
                0x000000000800ac40                I2C2_ER_IRQHandler
                0x000000000800ac40                DMA2_Stream1_IRQHandler
                0x000000000800ac40                FLASH_IRQHandler
                0x000000000800ac40                DMA2_Stream4_IRQHandler
                0x000000000800ac40                USART1_IRQHandler
                0x000000000800ac40                OTG_FS_IRQHandler
                0x000000000800ac40                SPI3_IRQHandler
                0x000000000800ac40                DMA1_Stream4_IRQHandler
                0x000000000800ac40                DMA2_Stream6_IRQHandler
                0x000000000800ac40                DMA1_Stream3_IRQHandler
 *fill*         0x000000000800ac42        0x2 
 .text.__errno  0x000000000800ac44        0xc c:/st/stm32cubeide_1.0.2/stm32cubeide/plugins/com.st.stm32cube.ide.mcu.externaltools.gnu-tools-for-stm32.7-2018-q2-update.win32_1.0.0.201904181610/tools/bin/../lib/gcc/arm-none-eabi/7.3.1/../../../../arm-none-eabi/lib/thumb/v7e-m/fpv4-sp/hard\libc_nano.a(lib_a-errno.o)
                0x000000000800ac44                __errno
 .text.__libc_init_array
                0x000000000800ac50       0x48 c:/st/stm32cubeide_1.0.2/stm32cubeide/plugins/com.st.stm32cube.ide.mcu.externaltools.gnu-tools-for-stm32.7-2018-q2-update.win32_1.0.0.201904181610/tools/bin/../lib/gcc/arm-none-eabi/7.3.1/../../../../arm-none-eabi/lib/thumb/v7e-m/fpv4-sp/hard\libc_nano.a(lib_a-init.o)
                0x000000000800ac50                __libc_init_array
 .text.memcpy   0x000000000800ac98       0x16 c:/st/stm32cubeide_1.0.2/stm32cubeide/plugins/com.st.stm32cube.ide.mcu.externaltools.gnu-tools-for-stm32.7-2018-q2-update.win32_1.0.0.201904181610/tools/bin/../lib/gcc/arm-none-eabi/7.3.1/../../../../arm-none-eabi/lib/thumb/v7e-m/fpv4-sp/hard\libc_nano.a(lib_a-memcpy-stub.o)
                0x000000000800ac98                memcpy
 .text.memset   0x000000000800acae       0x10 c:/st/stm32cubeide_1.0.2/stm32cubeide/plugins/com.st.stm32cube.ide.mcu.externaltools.gnu-tools-for-stm32.7-2018-q2-update.win32_1.0.0.201904181610/tools/bin/../lib/gcc/arm-none-eabi/7.3.1/../../../../arm-none-eabi/lib/thumb/v7e-m/fpv4-sp/hard\libc_nano.a(lib_a-memset.o)
                0x000000000800acae                memset
 *fill*         0x000000000800acbe        0x2 
 .text._puts_r  0x000000000800acc0       0xb8 c:/st/stm32cubeide_1.0.2/stm32cubeide/plugins/com.st.stm32cube.ide.mcu.externaltools.gnu-tools-for-stm32.7-2018-q2-update.win32_1.0.0.201904181610/tools/bin/../lib/gcc/arm-none-eabi/7.3.1/../../../../arm-none-eabi/lib/thumb/v7e-m/fpv4-sp/hard\libc_nano.a(lib_a-puts.o)
                0x000000000800acc0                _puts_r
 .text.puts     0x000000000800ad78       0x10 c:/st/stm32cubeide_1.0.2/stm32cubeide/plugins/com.st.stm32cube.ide.mcu.externaltools.gnu-tools-for-stm32.7-2018-q2-update.win32_1.0.0.201904181610/tools/bin/../lib/gcc/arm-none-eabi/7.3.1/../../../../arm-none-eabi/lib/thumb/v7e-m/fpv4-sp/hard\libc_nano.a(lib_a-puts.o)
                0x000000000800ad78                puts
 .text.snprintf
                0x000000000800ad88       0x68 c:/st/stm32cubeide_1.0.2/stm32cubeide/plugins/com.st.stm32cube.ide.mcu.externaltools.gnu-tools-for-stm32.7-2018-q2-update.win32_1.0.0.201904181610/tools/bin/../lib/gcc/arm-none-eabi/7.3.1/../../../../arm-none-eabi/lib/thumb/v7e-m/fpv4-sp/hard\libc_nano.a(lib_a-snprintf.o)
                0x000000000800ad88                sniprintf
                0x000000000800ad88                snprintf
 .text.strncmp  0x000000000800adf0       0x24 c:/st/stm32cubeide_1.0.2/stm32cubeide/plugins/com.st.stm32cube.ide.mcu.externaltools.gnu-tools-for-stm32.7-2018-q2-update.win32_1.0.0.201904181610/tools/bin/../lib/gcc/arm-none-eabi/7.3.1/../../../../arm-none-eabi/lib/thumb/v7e-m/fpv4-sp/hard\libc_nano.a(lib_a-strncmp.o)
                0x000000000800adf0                strncmp
 .text.__swbuf_r
                0x000000000800ae14       0xa4 c:/st/stm32cubeide_1.0.2/stm32cubeide/plugins/com.st.stm32cube.ide.mcu.externaltools.gnu-tools-for-stm32.7-2018-q2-update.win32_1.0.0.201904181610/tools/bin/../lib/gcc/arm-none-eabi/7.3.1/../../../../arm-none-eabi/lib/thumb/v7e-m/fpv4-sp/hard\libc_nano.a(lib_a-wbuf.o)
                0x000000000800ae14                __swbuf_r
 .text.__swsetup_r
                0x000000000800aeb8       0xdc c:/st/stm32cubeide_1.0.2/stm32cubeide/plugins/com.st.stm32cube.ide.mcu.externaltools.gnu-tools-for-stm32.7-2018-q2-update.win32_1.0.0.201904181610/tools/bin/../lib/gcc/arm-none-eabi/7.3.1/../../../../arm-none-eabi/lib/thumb/v7e-m/fpv4-sp/hard\libc_nano.a(lib_a-wsetup.o)
                0x000000000800aeb8                __swsetup_r
 .text.__sflush_r
                0x000000000800af94      0x10c c:/st/stm32cubeide_1.0.2/stm32cubeide/plugins/com.st.stm32cube.ide.mcu.externaltools.gnu-tools-for-stm32.7-2018-q2-update.win32_1.0.0.201904181610/tools/bin/../lib/gcc/arm-none-eabi/7.3.1/../../../../arm-none-eabi/lib/thumb/v7e-m/fpv4-sp/hard\libc_nano.a(lib_a-fflush.o)
                0x000000000800af94                __sflush_r
 .text._fflush_r
                0x000000000800b0a0       0x54 c:/st/stm32cubeide_1.0.2/stm32cubeide/plugins/com.st.stm32cube.ide.mcu.externaltools.gnu-tools-for-stm32.7-2018-q2-update.win32_1.0.0.201904181610/tools/bin/../lib/gcc/arm-none-eabi/7.3.1/../../../../arm-none-eabi/lib/thumb/v7e-m/fpv4-sp/hard\libc_nano.a(lib_a-fflush.o)
                0x000000000800b0a0                _fflush_r
 .text.std      0x000000000800b0f4       0x48 c:/st/stm32cubeide_1.0.2/stm32cubeide/plugins/com.st.stm32cube.ide.mcu.externaltools.gnu-tools-for-stm32.7-2018-q2-update.win32_1.0.0.201904181610/tools/bin/../lib/gcc/arm-none-eabi/7.3.1/../../../../arm-none-eabi/lib/thumb/v7e-m/fpv4-sp/hard\libc_nano.a(lib_a-findfp.o)
 .text._cleanup_r
                0x000000000800b13c        0xc c:/st/stm32cubeide_1.0.2/stm32cubeide/plugins/com.st.stm32cube.ide.mcu.externaltools.gnu-tools-for-stm32.7-2018-q2-update.win32_1.0.0.201904181610/tools/bin/../lib/gcc/arm-none-eabi/7.3.1/../../../../arm-none-eabi/lib/thumb/v7e-m/fpv4-sp/hard\libc_nano.a(lib_a-findfp.o)
                0x000000000800b13c                _cleanup_r
 .text.__sfmoreglue
                0x000000000800b148       0x2c c:/st/stm32cubeide_1.0.2/stm32cubeide/plugins/com.st.stm32cube.ide.mcu.externaltools.gnu-tools-for-stm32.7-2018-q2-update.win32_1.0.0.201904181610/tools/bin/../lib/gcc/arm-none-eabi/7.3.1/../../../../arm-none-eabi/lib/thumb/v7e-m/fpv4-sp/hard\libc_nano.a(lib_a-findfp.o)
                0x000000000800b148                __sfmoreglue
 .text.__sinit  0x000000000800b174       0x60 c:/st/stm32cubeide_1.0.2/stm32cubeide/plugins/com.st.stm32cube.ide.mcu.externaltools.gnu-tools-for-stm32.7-2018-q2-update.win32_1.0.0.201904181610/tools/bin/../lib/gcc/arm-none-eabi/7.3.1/../../../../arm-none-eabi/lib/thumb/v7e-m/fpv4-sp/hard\libc_nano.a(lib_a-findfp.o)
                0x000000000800b174                __sinit
 .text.__sfp    0x000000000800b1d4       0x78 c:/st/stm32cubeide_1.0.2/stm32cubeide/plugins/com.st.stm32cube.ide.mcu.externaltools.gnu-tools-for-stm32.7-2018-q2-update.win32_1.0.0.201904181610/tools/bin/../lib/gcc/arm-none-eabi/7.3.1/../../../../arm-none-eabi/lib/thumb/v7e-m/fpv4-sp/hard\libc_nano.a(lib_a-findfp.o)
                0x000000000800b1d4                __sfp
 .text._fwalk_reent
                0x000000000800b24c       0x3c c:/st/stm32cubeide_1.0.2/stm32cubeide/plugins/com.st.stm32cube.ide.mcu.externaltools.gnu-tools-for-stm32.7-2018-q2-update.win32_1.0.0.201904181610/tools/bin/../lib/gcc/arm-none-eabi/7.3.1/../../../../arm-none-eabi/lib/thumb/v7e-m/fpv4-sp/hard\libc_nano.a(lib_a-fwalk.o)
                0x000000000800b24c                _fwalk_reent
 .text.__swhatbuf_r
                0x000000000800b288       0x48 c:/st/stm32cubeide_1.0.2/stm32cubeide/plugins/com.st.stm32cube.ide.mcu.externaltools.gnu-tools-for-stm32.7-2018-q2-update.win32_1.0.0.201904181610/tools/bin/../lib/gcc/arm-none-eabi/7.3.1/../../../../arm-none-eabi/lib/thumb/v7e-m/fpv4-sp/hard\libc_nano.a(lib_a-makebuf.o)
                0x000000000800b288                __swhatbuf_r
 .text.__smakebuf_r
                0x000000000800b2d0       0x80 c:/st/stm32cubeide_1.0.2/stm32cubeide/plugins/com.st.stm32cube.ide.mcu.externaltools.gnu-tools-for-stm32.7-2018-q2-update.win32_1.0.0.201904181610/tools/bin/../lib/gcc/arm-none-eabi/7.3.1/../../../../arm-none-eabi/lib/thumb/v7e-m/fpv4-sp/hard\libc_nano.a(lib_a-makebuf.o)
                0x000000000800b2d0                __smakebuf_r
 .text._free_r  0x000000000800b350       0x9c c:/st/stm32cubeide_1.0.2/stm32cubeide/plugins/com.st.stm32cube.ide.mcu.externaltools.gnu-tools-for-stm32.7-2018-q2-update.win32_1.0.0.201904181610/tools/bin/../lib/gcc/arm-none-eabi/7.3.1/../../../../arm-none-eabi/lib/thumb/v7e-m/fpv4-sp/hard\libc_nano.a(lib_a-nano-freer.o)
                0x000000000800b350                _free_r
 .text._malloc_r
                0x000000000800b3ec       0xb4 c:/st/stm32cubeide_1.0.2/stm32cubeide/plugins/com.st.stm32cube.ide.mcu.externaltools.gnu-tools-for-stm32.7-2018-q2-update.win32_1.0.0.201904181610/tools/bin/../lib/gcc/arm-none-eabi/7.3.1/../../../../arm-none-eabi/lib/thumb/v7e-m/fpv4-sp/hard\libc_nano.a(lib_a-nano-mallocr.o)
                0x000000000800b3ec                _malloc_r
 .text.__ssputs_r
                0x000000000800b4a0       0xb4 c:/st/stm32cubeide_1.0.2/stm32cubeide/plugins/com.st.stm32cube.ide.mcu.externaltools.gnu-tools-for-stm32.7-2018-q2-update.win32_1.0.0.201904181610/tools/bin/../lib/gcc/arm-none-eabi/7.3.1/../../../../arm-none-eabi/lib/thumb/v7e-m/fpv4-sp/hard\libc_nano.a(lib_a-nano-svfprintf.o)
                0x000000000800b4a0                __ssputs_r
 .text._svfprintf_r
                0x000000000800b554      0x1f0 c:/st/stm32cubeide_1.0.2/stm32cubeide/plugins/com.st.stm32cube.ide.mcu.externaltools.gnu-tools-for-stm32.7-2018-q2-update.win32_1.0.0.201904181610/tools/bin/../lib/gcc/arm-none-eabi/7.3.1/../../../../arm-none-eabi/lib/thumb/v7e-m/fpv4-sp/hard\libc_nano.a(lib_a-nano-svfprintf.o)
                0x000000000800b554                _svfiprintf_r
                0x000000000800b554                _svfprintf_r
 .text._printf_common
                0x000000000800b744       0xea c:/st/stm32cubeide_1.0.2/stm32cubeide/plugins/com.st.stm32cube.ide.mcu.externaltools.gnu-tools-for-stm32.7-2018-q2-update.win32_1.0.0.201904181610/tools/bin/../lib/gcc/arm-none-eabi/7.3.1/../../../../arm-none-eabi/lib/thumb/v7e-m/fpv4-sp/hard\libc_nano.a(lib_a-nano-vfprintf_i.o)
                0x000000000800b744                _printf_common
 *fill*         0x000000000800b82e        0x2 
 .text._printf_i
                0x000000000800b830      0x224 c:/st/stm32cubeide_1.0.2/stm32cubeide/plugins/com.st.stm32cube.ide.mcu.externaltools.gnu-tools-for-stm32.7-2018-q2-update.win32_1.0.0.201904181610/tools/bin/../lib/gcc/arm-none-eabi/7.3.1/../../../../arm-none-eabi/lib/thumb/v7e-m/fpv4-sp/hard\libc_nano.a(lib_a-nano-vfprintf_i.o)
                0x000000000800b830                _printf_i
 .text._sbrk_r  0x000000000800ba54       0x20 c:/st/stm32cubeide_1.0.2/stm32cubeide/plugins/com.st.stm32cube.ide.mcu.externaltools.gnu-tools-for-stm32.7-2018-q2-update.win32_1.0.0.201904181610/tools/bin/../lib/gcc/arm-none-eabi/7.3.1/../../../../arm-none-eabi/lib/thumb/v7e-m/fpv4-sp/hard\libc_nano.a(lib_a-sbrkr.o)
                0x000000000800ba54                _sbrk_r
 .text.__sread  0x000000000800ba74       0x22 c:/st/stm32cubeide_1.0.2/stm32cubeide/plugins/com.st.stm32cube.ide.mcu.externaltools.gnu-tools-for-stm32.7-2018-q2-update.win32_1.0.0.201904181610/tools/bin/../lib/gcc/arm-none-eabi/7.3.1/../../../../arm-none-eabi/lib/thumb/v7e-m/fpv4-sp/hard\libc_nano.a(lib_a-stdio.o)
                0x000000000800ba74                __sread
 .text.__swrite
                0x000000000800ba96       0x38 c:/st/stm32cubeide_1.0.2/stm32cubeide/plugins/com.st.stm32cube.ide.mcu.externaltools.gnu-tools-for-stm32.7-2018-q2-update.win32_1.0.0.201904181610/tools/bin/../lib/gcc/arm-none-eabi/7.3.1/../../../../arm-none-eabi/lib/thumb/v7e-m/fpv4-sp/hard\libc_nano.a(lib_a-stdio.o)
                0x000000000800ba96                __swrite
 .text.__sseek  0x000000000800bace       0x24 c:/st/stm32cubeide_1.0.2/stm32cubeide/plugins/com.st.stm32cube.ide.mcu.externaltools.gnu-tools-for-stm32.7-2018-q2-update.win32_1.0.0.201904181610/tools/bin/../lib/gcc/arm-none-eabi/7.3.1/../../../../arm-none-eabi/lib/thumb/v7e-m/fpv4-sp/hard\libc_nano.a(lib_a-stdio.o)
                0x000000000800bace                __sseek
 .text.__sclose
                0x000000000800baf2        0x8 c:/st/stm32cubeide_1.0.2/stm32cubeide/plugins/com.st.stm32cube.ide.mcu.externaltools.gnu-tools-for-stm32.7-2018-q2-update.win32_1.0.0.201904181610/tools/bin/../lib/gcc/arm-none-eabi/7.3.1/../../../../arm-none-eabi/lib/thumb/v7e-m/fpv4-sp/hard\libc_nano.a(lib_a-stdio.o)
                0x000000000800baf2                __sclose
 *fill*         0x000000000800bafa        0x2 
 .text._write_r
                0x000000000800bafc       0x24 c:/st/stm32cubeide_1.0.2/stm32cubeide/plugins/com.st.stm32cube.ide.mcu.externaltools.gnu-tools-for-stm32.7-2018-q2-update.win32_1.0.0.201904181610/tools/bin/../lib/gcc/arm-none-eabi/7.3.1/../../../../arm-none-eabi/lib/thumb/v7e-m/fpv4-sp/hard\libc_nano.a(lib_a-writer.o)
                0x000000000800bafc                _write_r
 .text._close_r
                0x000000000800bb20       0x20 c:/st/stm32cubeide_1.0.2/stm32cubeide/plugins/com.st.stm32cube.ide.mcu.externaltools.gnu-tools-for-stm32.7-2018-q2-update.win32_1.0.0.201904181610/tools/bin/../lib/gcc/arm-none-eabi/7.3.1/../../../../arm-none-eabi/lib/thumb/v7e-m/fpv4-sp/hard\libc_nano.a(lib_a-closer.o)
                0x000000000800bb20                _close_r
 .text._fstat_r
                0x000000000800bb40       0x24 c:/st/stm32cubeide_1.0.2/stm32cubeide/plugins/com.st.stm32cube.ide.mcu.externaltools.gnu-tools-for-stm32.7-2018-q2-update.win32_1.0.0.201904181610/tools/bin/../lib/gcc/arm-none-eabi/7.3.1/../../../../arm-none-eabi/lib/thumb/v7e-m/fpv4-sp/hard\libc_nano.a(lib_a-fstatr.o)
                0x000000000800bb40                _fstat_r
 .text._isatty_r
                0x000000000800bb64       0x20 c:/st/stm32cubeide_1.0.2/stm32cubeide/plugins/com.st.stm32cube.ide.mcu.externaltools.gnu-tools-for-stm32.7-2018-q2-update.win32_1.0.0.201904181610/tools/bin/../lib/gcc/arm-none-eabi/7.3.1/../../../../arm-none-eabi/lib/thumb/v7e-m/fpv4-sp/hard\libc_nano.a(lib_a-isattyr.o)
                0x000000000800bb64                _isatty_r
 .text._lseek_r
                0x000000000800bb84       0x24 c:/st/stm32cubeide_1.0.2/stm32cubeide/plugins/com.st.stm32cube.ide.mcu.externaltools.gnu-tools-for-stm32.7-2018-q2-update.win32_1.0.0.201904181610/tools/bin/../lib/gcc/arm-none-eabi/7.3.1/../../../../arm-none-eabi/lib/thumb/v7e-m/fpv4-sp/hard\libc_nano.a(lib_a-lseekr.o)
                0x000000000800bb84                _lseek_r
 .text.memmove  0x000000000800bba8       0x32 c:/st/stm32cubeide_1.0.2/stm32cubeide/plugins/com.st.stm32cube.ide.mcu.externaltools.gnu-tools-for-stm32.7-2018-q2-update.win32_1.0.0.201904181610/tools/bin/../lib/gcc/arm-none-eabi/7.3.1/../../../../arm-none-eabi/lib/thumb/v7e-m/fpv4-sp/hard\libc_nano.a(lib_a-memmove.o)
                0x000000000800bba8                memmove
 .text.__malloc_lock
                0x000000000800bbda        0x2 c:/st/stm32cubeide_1.0.2/stm32cubeide/plugins/com.st.stm32cube.ide.mcu.externaltools.gnu-tools-for-stm32.7-2018-q2-update.win32_1.0.0.201904181610/tools/bin/../lib/gcc/arm-none-eabi/7.3.1/../../../../arm-none-eabi/lib/thumb/v7e-m/fpv4-sp/hard\libc_nano.a(lib_a-mlock.o)
                0x000000000800bbda                __malloc_lock
 .text.__malloc_unlock
                0x000000000800bbdc        0x2 c:/st/stm32cubeide_1.0.2/stm32cubeide/plugins/com.st.stm32cube.ide.mcu.externaltools.gnu-tools-for-stm32.7-2018-q2-update.win32_1.0.0.201904181610/tools/bin/../lib/gcc/arm-none-eabi/7.3.1/../../../../arm-none-eabi/lib/thumb/v7e-m/fpv4-sp/hard\libc_nano.a(lib_a-mlock.o)
                0x000000000800bbdc                __malloc_unlock
 .text._realloc_r
                0x000000000800bbde       0x4c c:/st/stm32cubeide_1.0.2/stm32cubeide/plugins/com.st.stm32cube.ide.mcu.externaltools.gnu-tools-for-stm32.7-2018-q2-update.win32_1.0.0.201904181610/tools/bin/../lib/gcc/arm-none-eabi/7.3.1/../../../../arm-none-eabi/lib/thumb/v7e-m/fpv4-sp/hard\libc_nano.a(lib_a-nano-reallocr.o)
                0x000000000800bbde                _realloc_r
 *fill*         0x000000000800bc2a        0x2 
 .text._read_r  0x000000000800bc2c       0x24 c:/st/stm32cubeide_1.0.2/stm32cubeide/plugins/com.st.stm32cube.ide.mcu.externaltools.gnu-tools-for-stm32.7-2018-q2-update.win32_1.0.0.201904181610/tools/bin/../lib/gcc/arm-none-eabi/7.3.1/../../../../arm-none-eabi/lib/thumb/v7e-m/fpv4-sp/hard\libc_nano.a(lib_a-readr.o)
                0x000000000800bc2c                _read_r
 .text._malloc_usable_size_r
                0x000000000800bc50       0x10 c:/st/stm32cubeide_1.0.2/stm32cubeide/plugins/com.st.stm32cube.ide.mcu.externaltools.gnu-tools-for-stm32.7-2018-q2-update.win32_1.0.0.201904181610/tools/bin/../lib/gcc/arm-none-eabi/7.3.1/../../../../arm-none-eabi/lib/thumb/v7e-m/fpv4-sp/hard\libc_nano.a(lib_a-nano-msizer.o)
                0x000000000800bc50                _malloc_usable_size_r
 *(.glue_7)
 .glue_7        0x000000000800bc60        0x0 linker stubs
 *(.glue_7t)
 .glue_7t       0x000000000800bc60        0x0 linker stubs
 *(.eh_frame)
 .eh_frame      0x000000000800bc60        0x0 c:/st/stm32cubeide_1.0.2/stm32cubeide/plugins/com.st.stm32cube.ide.mcu.externaltools.gnu-tools-for-stm32.7-2018-q2-update.win32_1.0.0.201904181610/tools/bin/../lib/gcc/arm-none-eabi/7.3.1/thumb/v7e-m/fpv4-sp/hard/crtbegin.o
 *(.init)
 .init          0x000000000800bc60        0x4 c:/st/stm32cubeide_1.0.2/stm32cubeide/plugins/com.st.stm32cube.ide.mcu.externaltools.gnu-tools-for-stm32.7-2018-q2-update.win32_1.0.0.201904181610/tools/bin/../lib/gcc/arm-none-eabi/7.3.1/thumb/v7e-m/fpv4-sp/hard/crti.o
                0x000000000800bc60                _init
 .init          0x000000000800bc64        0x8 c:/st/stm32cubeide_1.0.2/stm32cubeide/plugins/com.st.stm32cube.ide.mcu.externaltools.gnu-tools-for-stm32.7-2018-q2-update.win32_1.0.0.201904181610/tools/bin/../lib/gcc/arm-none-eabi/7.3.1/thumb/v7e-m/fpv4-sp/hard/crtn.o
 *(.fini)
 .fini          0x000000000800bc6c        0x4 c:/st/stm32cubeide_1.0.2/stm32cubeide/plugins/com.st.stm32cube.ide.mcu.externaltools.gnu-tools-for-stm32.7-2018-q2-update.win32_1.0.0.201904181610/tools/bin/../lib/gcc/arm-none-eabi/7.3.1/thumb/v7e-m/fpv4-sp/hard/crti.o
                0x000000000800bc6c                _fini
 .fini          0x000000000800bc70        0x8 c:/st/stm32cubeide_1.0.2/stm32cubeide/plugins/com.st.stm32cube.ide.mcu.externaltools.gnu-tools-for-stm32.7-2018-q2-update.win32_1.0.0.201904181610/tools/bin/../lib/gcc/arm-none-eabi/7.3.1/thumb/v7e-m/fpv4-sp/hard/crtn.o
                0x000000000800bc78                . = ALIGN (0x4)
                0x000000000800bc78                _etext = .

.vfp11_veneer   0x000000000800bc78        0x0
 .vfp11_veneer  0x000000000800bc78        0x0 linker stubs

.v4_bx          0x000000000800bc78        0x0
 .v4_bx         0x000000000800bc78        0x0 linker stubs

.iplt           0x000000000800bc78        0x0
 .iplt          0x000000000800bc78        0x0 c:/st/stm32cubeide_1.0.2/stm32cubeide/plugins/com.st.stm32cube.ide.mcu.externaltools.gnu-tools-for-stm32.7-2018-q2-update.win32_1.0.0.201904181610/tools/bin/../lib/gcc/arm-none-eabi/7.3.1/thumb/v7e-m/fpv4-sp/hard/crtbegin.o

.rodata         0x000000000800bc78      0x760
                0x000000000800bc78                . = ALIGN (0x4)
 *(.rodata)
 .rodata        0x000000000800bc78        0x5 Middlewares/Third_Party/FreeRTOS/Source/tasks.o
 *fill*         0x000000000800bc7d        0x3 
 .rodata        0x000000000800bc80      0x6a7 Src/main.o
 *(.rodata*)
 *fill*         0x000000000800c327        0x1 
 .rodata.AHBPrescTable
                0x000000000800c328       0x10 Src/system_stm32f4xx.o
                0x000000000800c328                AHBPrescTable
 .rodata.APBPrescTable
                0x000000000800c338        0x8 Src/system_stm32f4xx.o
                0x000000000800c338                APBPrescTable
 .rodata._global_impure_ptr
                0x000000000800c340        0x4 c:/st/stm32cubeide_1.0.2/stm32cubeide/plugins/com.st.stm32cube.ide.mcu.externaltools.gnu-tools-for-stm32.7-2018-q2-update.win32_1.0.0.201904181610/tools/bin/../lib/gcc/arm-none-eabi/7.3.1/../../../../arm-none-eabi/lib/thumb/v7e-m/fpv4-sp/hard\libc_nano.a(lib_a-impure.o)
                0x000000000800c340                _global_impure_ptr
 .rodata.__sf_fake_stderr
                0x000000000800c344       0x20 c:/st/stm32cubeide_1.0.2/stm32cubeide/plugins/com.st.stm32cube.ide.mcu.externaltools.gnu-tools-for-stm32.7-2018-q2-update.win32_1.0.0.201904181610/tools/bin/../lib/gcc/arm-none-eabi/7.3.1/../../../../arm-none-eabi/lib/thumb/v7e-m/fpv4-sp/hard\libc_nano.a(lib_a-findfp.o)
                0x000000000800c344                __sf_fake_stderr
 .rodata.__sf_fake_stdin
                0x000000000800c364       0x20 c:/st/stm32cubeide_1.0.2/stm32cubeide/plugins/com.st.stm32cube.ide.mcu.externaltools.gnu-tools-for-stm32.7-2018-q2-update.win32_1.0.0.201904181610/tools/bin/../lib/gcc/arm-none-eabi/7.3.1/../../../../arm-none-eabi/lib/thumb/v7e-m/fpv4-sp/hard\libc_nano.a(lib_a-findfp.o)
                0x000000000800c364                __sf_fake_stdin
 .rodata.__sf_fake_stdout
                0x000000000800c384       0x20 c:/st/stm32cubeide_1.0.2/stm32cubeide/plugins/com.st.stm32cube.ide.mcu.externaltools.gnu-tools-for-stm32.7-2018-q2-update.win32_1.0.0.201904181610/tools/bin/../lib/gcc/arm-none-eabi/7.3.1/../../../../arm-none-eabi/lib/thumb/v7e-m/fpv4-sp/hard\libc_nano.a(lib_a-findfp.o)
                0x000000000800c384                __sf_fake_stdout
 .rodata._svfprintf_r.str1.1
                0x000000000800c3a4       0x11 c:/st/stm32cubeide_1.0.2/stm32cubeide/plugins/com.st.stm32cube.ide.mcu.externaltools.gnu-tools-for-stm32.7-2018-q2-update.win32_1.0.0.201904181610/tools/bin/../lib/gcc/arm-none-eabi/7.3.1/../../../../arm-none-eabi/lib/thumb/v7e-m/fpv4-sp/hard\libc_nano.a(lib_a-nano-svfprintf.o)
 .rodata._printf_i.str1.1
                0x000000000800c3b5       0x22 c:/st/stm32cubeide_1.0.2/stm32cubeide/plugins/com.st.stm32cube.ide.mcu.externaltools.gnu-tools-for-stm32.7-2018-q2-update.win32_1.0.0.201904181610/tools/bin/../lib/gcc/arm-none-eabi/7.3.1/../../../../arm-none-eabi/lib/thumb/v7e-m/fpv4-sp/hard\libc_nano.a(lib_a-nano-vfprintf_i.o)
                0x000000000800c3d8                . = ALIGN (0x4)
 *fill*         0x000000000800c3d7        0x1 

.ARM.extab      0x000000000800c3d8        0x0
                0x000000000800c3d8                . = ALIGN (0x4)
 *(.ARM.extab* .gnu.linkonce.armextab.*)
                0x000000000800c3d8                . = ALIGN (0x4)

.ARM            0x000000000800c3d8        0x8
                0x000000000800c3d8                . = ALIGN (0x4)
                0x000000000800c3d8                __exidx_start = .
 *(.ARM.exidx*)
 .ARM.exidx     0x000000000800c3d8        0x8 c:/st/stm32cubeide_1.0.2/stm32cubeide/plugins/com.st.stm32cube.ide.mcu.externaltools.gnu-tools-for-stm32.7-2018-q2-update.win32_1.0.0.201904181610/tools/bin/../lib/gcc/arm-none-eabi/7.3.1/thumb/v7e-m/fpv4-sp/hard\libgcc.a(_udivmoddi4.o)
                0x000000000800c3e0                __exidx_end = .
                0x000000000800c3e0                . = ALIGN (0x4)

.rel.dyn        0x000000000800c3e0        0x0
 .rel.iplt      0x000000000800c3e0        0x0 c:/st/stm32cubeide_1.0.2/stm32cubeide/plugins/com.st.stm32cube.ide.mcu.externaltools.gnu-tools-for-stm32.7-2018-q2-update.win32_1.0.0.201904181610/tools/bin/../lib/gcc/arm-none-eabi/7.3.1/thumb/v7e-m/fpv4-sp/hard/crtbegin.o

.preinit_array  0x000000000800c3e0        0x0
                0x000000000800c3e0                . = ALIGN (0x4)
                0x000000000800c3e0                PROVIDE (__preinit_array_start = .)
 *(.preinit_array*)
                0x000000000800c3e0                PROVIDE (__preinit_array_end = .)
                0x000000000800c3e0                . = ALIGN (0x4)

.init_array     0x000000000800c3e0        0x4
                0x000000000800c3e0                . = ALIGN (0x4)
                0x000000000800c3e0                PROVIDE (__init_array_start = .)
 *(SORT_BY_NAME(.init_array.*))
 *(.init_array*)
 .init_array    0x000000000800c3e0        0x4 c:/st/stm32cubeide_1.0.2/stm32cubeide/plugins/com.st.stm32cube.ide.mcu.externaltools.gnu-tools-for-stm32.7-2018-q2-update.win32_1.0.0.201904181610/tools/bin/../lib/gcc/arm-none-eabi/7.3.1/thumb/v7e-m/fpv4-sp/hard/crtbegin.o
                0x000000000800c3e4                PROVIDE (__init_array_end = .)
                0x000000000800c3e4                . = ALIGN (0x4)

.fini_array     0x000000000800c3e4        0x4
                0x000000000800c3e4                . = ALIGN (0x4)
                [!provide]                        PROVIDE (__fini_array_start = .)
 *(SORT_BY_NAME(.fini_array.*))
 *(.fini_array*)
 .fini_array    0x000000000800c3e4        0x4 c:/st/stm32cubeide_1.0.2/stm32cubeide/plugins/com.st.stm32cube.ide.mcu.externaltools.gnu-tools-for-stm32.7-2018-q2-update.win32_1.0.0.201904181610/tools/bin/../lib/gcc/arm-none-eabi/7.3.1/thumb/v7e-m/fpv4-sp/hard/crtbegin.o
                [!provide]                        PROVIDE (__fini_array_end = .)
                0x000000000800c3e8                . = ALIGN (0x4)
                0x000000000800c3e8                _sidata = LOADADDR (.data)

.data           0x0000000020000000       0xc0 load address 0x000000000800c3e8
                0x0000000020000000                . = ALIGN (0x4)
                0x0000000020000000                _sdata = .
 *(.data)
 *(.data*)
 .data.uwTickFreq
                0x0000000020000000        0x1 Drivers/STM32F4xx_HAL_Driver/Src/stm32f4xx_hal.o
                0x0000000020000000                uwTickFreq
 *fill*         0x0000000020000001        0x3 
 .data.uxCriticalNesting
                0x0000000020000004        0x4 Middlewares/Third_Party/FreeRTOS/Source/portable/GCC/ARM_CM4F/port.o
 .data.current_fan1_speed
                0x0000000020000008        0x4 Src/fan.o
                0x0000000020000008                current_fan1_speed
 .data.current_fan2_speed
                0x000000002000000c        0x4 Src/fan.o
                0x000000002000000c                current_fan2_speed
 .data.decode_str.11606
                0x0000000020000010       0x48 Src/main.o
 .data.SystemCoreClock
                0x0000000020000058        0x4 Src/system_stm32f4xx.o
                0x0000000020000058                SystemCoreClock
 .data._impure_ptr
                0x000000002000005c        0x4 c:/st/stm32cubeide_1.0.2/stm32cubeide/plugins/com.st.stm32cube.ide.mcu.externaltools.gnu-tools-for-stm32.7-2018-q2-update.win32_1.0.0.201904181610/tools/bin/../lib/gcc/arm-none-eabi/7.3.1/../../../../arm-none-eabi/lib/thumb/v7e-m/fpv4-sp/hard\libc_nano.a(lib_a-impure.o)
                0x000000002000005c                _impure_ptr
 .data.impure_data
                0x0000000020000060       0x60 c:/st/stm32cubeide_1.0.2/stm32cubeide/plugins/com.st.stm32cube.ide.mcu.externaltools.gnu-tools-for-stm32.7-2018-q2-update.win32_1.0.0.201904181610/tools/bin/../lib/gcc/arm-none-eabi/7.3.1/../../../../arm-none-eabi/lib/thumb/v7e-m/fpv4-sp/hard\libc_nano.a(lib_a-impure.o)
                0x00000000200000c0                . = ALIGN (0x4)
                0x00000000200000c0                _edata = .

.igot.plt       0x00000000200000c0        0x0 load address 0x000000000800c4a8
 .igot.plt      0x00000000200000c0        0x0 c:/st/stm32cubeide_1.0.2/stm32cubeide/plugins/com.st.stm32cube.ide.mcu.externaltools.gnu-tools-for-stm32.7-2018-q2-update.win32_1.0.0.201904181610/tools/bin/../lib/gcc/arm-none-eabi/7.3.1/thumb/v7e-m/fpv4-sp/hard/crtbegin.o
                0x00000000200000c0                . = ALIGN (0x4)

.bss            0x00000000200000c0     0x52fc load address 0x000000000800c4a8
                0x00000000200000c0                _sbss = .
                0x00000000200000c0                __bss_start__ = _sbss
 *(.bss)
 .bss           0x00000000200000c0       0x1c c:/st/stm32cubeide_1.0.2/stm32cubeide/plugins/com.st.stm32cube.ide.mcu.externaltools.gnu-tools-for-stm32.7-2018-q2-update.win32_1.0.0.201904181610/tools/bin/../lib/gcc/arm-none-eabi/7.3.1/thumb/v7e-m/fpv4-sp/hard/crtbegin.o
 *(.bss*)
 .bss.pxCurrentTCB
                0x00000000200000dc        0x4 Middlewares/Third_Party/FreeRTOS/Source/tasks.o
                0x00000000200000dc                pxCurrentTCB
 .bss.pxReadyTasksLists
                0x00000000200000e0       0x8c Middlewares/Third_Party/FreeRTOS/Source/tasks.o
 .bss.xDelayedTaskList1
                0x000000002000016c       0x14 Middlewares/Third_Party/FreeRTOS/Source/tasks.o
 .bss.xDelayedTaskList2
                0x0000000020000180       0x14 Middlewares/Third_Party/FreeRTOS/Source/tasks.o
 .bss.pxDelayedTaskList
                0x0000000020000194        0x4 Middlewares/Third_Party/FreeRTOS/Source/tasks.o
 .bss.pxOverflowDelayedTaskList
                0x0000000020000198        0x4 Middlewares/Third_Party/FreeRTOS/Source/tasks.o
 .bss.xPendingReadyList
                0x000000002000019c       0x14 Middlewares/Third_Party/FreeRTOS/Source/tasks.o
 .bss.xTasksWaitingTermination
                0x00000000200001b0       0x14 Middlewares/Third_Party/FreeRTOS/Source/tasks.o
 .bss.uxDeletedTasksWaitingCleanUp
                0x00000000200001c4        0x4 Middlewares/Third_Party/FreeRTOS/Source/tasks.o
 .bss.xSuspendedTaskList
                0x00000000200001c8       0x14 Middlewares/Third_Party/FreeRTOS/Source/tasks.o
 .bss.uxCurrentNumberOfTasks
                0x00000000200001dc        0x4 Middlewares/Third_Party/FreeRTOS/Source/tasks.o
 .bss.xTickCount
                0x00000000200001e0        0x4 Middlewares/Third_Party/FreeRTOS/Source/tasks.o
 .bss.uxTopReadyPriority
                0x00000000200001e4        0x4 Middlewares/Third_Party/FreeRTOS/Source/tasks.o
 .bss.xSchedulerRunning
                0x00000000200001e8        0x4 Middlewares/Third_Party/FreeRTOS/Source/tasks.o
 .bss.uxPendedTicks
                0x00000000200001ec        0x4 Middlewares/Third_Party/FreeRTOS/Source/tasks.o
 .bss.xYieldPending
                0x00000000200001f0        0x4 Middlewares/Third_Party/FreeRTOS/Source/tasks.o
 .bss.xNumOfOverflows
                0x00000000200001f4        0x4 Middlewares/Third_Party/FreeRTOS/Source/tasks.o
 .bss.uxTaskNumber
                0x00000000200001f8        0x4 Middlewares/Third_Party/FreeRTOS/Source/tasks.o
 .bss.xNextTaskUnblockTime
                0x00000000200001fc        0x4 Middlewares/Third_Party/FreeRTOS/Source/tasks.o
 .bss.xIdleTaskHandle
                0x0000000020000200        0x4 Middlewares/Third_Party/FreeRTOS/Source/tasks.o
 .bss.uxSchedulerSuspended
                0x0000000020000204        0x4 Middlewares/Third_Party/FreeRTOS/Source/tasks.o
 .bss.ucMaxSysCallPriority
                0x0000000020000208        0x1 Middlewares/Third_Party/FreeRTOS/Source/portable/GCC/ARM_CM4F/port.o
 *fill*         0x0000000020000209        0x3 
 .bss.ulMaxPRIGROUPValue
                0x000000002000020c        0x4 Middlewares/Third_Party/FreeRTOS/Source/portable/GCC/ARM_CM4F/port.o
 .bss.ucHeap    0x0000000020000210     0x3c00 Middlewares/Third_Party/FreeRTOS/Source/portable/MemMang/heap_4.o
 .bss.xStart    0x0000000020003e10        0x8 Middlewares/Third_Party/FreeRTOS/Source/portable/MemMang/heap_4.o
 .bss.pxEnd     0x0000000020003e18        0x4 Middlewares/Third_Party/FreeRTOS/Source/portable/MemMang/heap_4.o
 .bss.xFreeBytesRemaining
                0x0000000020003e1c        0x4 Middlewares/Third_Party/FreeRTOS/Source/portable/MemMang/heap_4.o
 .bss.xMinimumEverFreeBytesRemaining
                0x0000000020003e20        0x4 Middlewares/Third_Party/FreeRTOS/Source/portable/MemMang/heap_4.o
 .bss.xBlockAllocatedBit
                0x0000000020003e24        0x4 Middlewares/Third_Party/FreeRTOS/Source/portable/MemMang/heap_4.o
 .bss.xIdleTaskTCBBuffer
                0x0000000020003e28       0x54 Src/freertos.o
 .bss.xIdleStack
                0x0000000020003e7c      0x200 Src/freertos.o
 *fill*         0x000000002000407c        0x4 
 .bss.client    0x0000000020004080       0x60 Src/main.o
                0x0000000020004080                client
 .bss.i         0x00000000200040e0        0x4 Src/main.o
                0x00000000200040e0                i
 .bss.Vanst     0x00000000200040e4        0x4 Src/main.o
                0x00000000200040e4                Vanst
 .bss.heap_end.6424
                0x00000000200040e8        0x4 Src/sysmem.o
 .bss.bufptr    0x00000000200040ec        0x4 Src/mqtt/MQTTPacket.o
 .bss.__malloc_free_list
                0x00000000200040f0        0x4 c:/st/stm32cubeide_1.0.2/stm32cubeide/plugins/com.st.stm32cube.ide.mcu.externaltools.gnu-tools-for-stm32.7-2018-q2-update.win32_1.0.0.201904181610/tools/bin/../lib/gcc/arm-none-eabi/7.3.1/../../../../arm-none-eabi/lib/thumb/v7e-m/fpv4-sp/hard\libc_nano.a(lib_a-nano-mallocr.o)
                0x00000000200040f0                __malloc_free_list
 .bss.__malloc_sbrk_start
                0x00000000200040f4        0x4 c:/st/stm32cubeide_1.0.2/stm32cubeide/plugins/com.st.stm32cube.ide.mcu.externaltools.gnu-tools-for-stm32.7-2018-q2-update.win32_1.0.0.201904181610/tools/bin/../lib/gcc/arm-none-eabi/7.3.1/../../../../arm-none-eabi/lib/thumb/v7e-m/fpv4-sp/hard\libc_nano.a(lib_a-nano-mallocr.o)
                0x00000000200040f4                __malloc_sbrk_start
 *(COMMON)
 COMMON         0x00000000200040f8        0x4 Drivers/STM32F4xx_HAL_Driver/Src/stm32f4xx_hal.o
                0x00000000200040f8                uwTick
 COMMON         0x00000000200040fc      0x21c Src/IRremote.o
                0x00000000200040fc                irparams
                0x0000000020004304                results
 COMMON         0x0000000020004318     0x1060 Src/main.o
                0x0000000020004318                uart_reponse
                0x0000000020004518                hum
                0x000000002000451c                speedc
                0x0000000020004528                SensorTaskHandle
                0x000000002000452c                PM25
                0x0000000020004530                control
                0x000000002000453a                huong
                0x000000002000453c                recv_buf
                0x0000000020004d3c                hspi2
                0x0000000020004d94                power
                0x0000000020004d98                flagIon
                0x0000000020004d9c                hi2c1
                0x0000000020004df0                hi2c2
                0x0000000020004e44                filter_mode
                0x0000000020004e48                IonIR
                0x0000000020004e4c                ion_val
                0x0000000020004e50                flagSW
                0x0000000020004e54                flagMode
                0x0000000020004e58                Rx_data
                0x0000000020004e5c                night
                0x0000000020004e68                temp
                0x0000000020004e6c                PM25f
                0x0000000020004e70                htim3
                0x0000000020004eb0                state
                0x0000000020004ee4                ModeIR
                0x0000000020004ee8                hspi3
                0x0000000020004f40                tmpIntte1
                0x0000000020004f44                powerc
                0x0000000020004f50                tmpIntPM2
                0x0000000020004f54                tmpInthu1
                0x0000000020004f58                amphenol1
                0x0000000020004f64                ION_mode
                0x0000000020004f68                huart1
                0x0000000020004fa8                flagSP
                0x0000000020004fac                filter
                0x0000000020004fb8                SwitchIR
                0x0000000020004fbc                tmpIntte2
                0x0000000020004fc0                night_mode
                0x0000000020004fc4                err
                0x0000000020004fc8                tmpInthu2
                0x0000000020004fcc                htim1
                0x000000002000500c                Rx_Buffer
                0x0000000020005034                DisplayTaskHandle
                0x0000000020005038                ServerTaskHandle
                0x000000002000503c                huart6
                0x000000002000507c                speed
                0x0000000020005080                network
                0x0000000020005090                htim2
                0x00000000200050d0                iaq_baseline
                0x00000000200050d4                huart2
                0x0000000020005114                AQI
                0x0000000020005148                UV_mode
                0x000000002000514c                send_buf
                0x000000002000534c                ControlTaskHandle
                0x0000000020005350                control_mode
                0x0000000020005354                tmpIntPM1
                0x0000000020005358                uv
                0x0000000020005364                ret
                0x0000000020005368                ion
                0x0000000020005374                SpeedIR
 COMMON         0x0000000020005378       0x40 Src/stm32f4xx_hal_timebase_tim.o
                0x0000000020005378                htim4
 COMMON         0x00000000200053b8        0x4 c:/st/stm32cubeide_1.0.2/stm32cubeide/plugins/com.st.stm32cube.ide.mcu.externaltools.gnu-tools-for-stm32.7-2018-q2-update.win32_1.0.0.201904181610/tools/bin/../lib/gcc/arm-none-eabi/7.3.1/../../../../arm-none-eabi/lib/thumb/v7e-m/fpv4-sp/hard\libc_nano.a(lib_a-reent.o)
                0x00000000200053b8                errno