main.c:207:13:receive_handler	144	static
main.c:181:1:__io_putchar	16	static
main.c:246:6:Convertvalue	8	static
main.c:263:6:checkState	40	static
main.c:319:6:testMQTT	264	static
main.c:399:6:subcribeMQTT	16	static
main.c:407:6:initMQTT	32	static
main.c:475:6:init_MQTT	136	static
main.c:536:6:Subcribes_MQTT	16	static
main.c:711:6:SystemClock_Config	96	static
main.c:575:5:main	112	static
main.c:1238:6:StartSensor_Task	8	static
main.c:1270:6:StartControl_Task	112	static
main.c:1307:6:StartDisplay_task	8	static
main.c:1325:6:StartServer_task	8	static
main.c:1342:6:Error_Handler	0	static
