stm32f4xx_hal_msp.c:66:6:HAL_MspInit	8	static
stm32f4xx_hal_msp.c:90:6:HAL_I2C_MspInit	64	static
stm32f4xx_hal_msp.c:162:6:HAL_I2C_MspDeInit	8	static
stm32f4xx_hal_msp.c:212:6:HAL_SPI_MspInit	72	static
stm32f4xx_hal_msp.c:290:6:HAL_SPI_MspDeInit	8	static
stm32f4xx_hal_msp.c:343:6:HAL_TIM_IC_MspInit	48	static
stm32f4xx_hal_msp.c:381:6:HAL_TIM_Base_MspInit	16	static
stm32f4xx_hal_msp.c:414:6:HAL_TIM_MspPostInit	48	static
stm32f4xx_hal_msp.c:466:6:HAL_TIM_IC_MspDeInit	8	static
stm32f4xx_hal_msp.c:497:6:HAL_TIM_Base_MspDeInit	0	static
stm32f4xx_hal_msp.c:536:6:HAL_UART_MspInit	64	static
stm32f4xx_hal_msp.c:623:6:HAL_UART_MspDeInit	8	static
