main.c:189:1:__io_putchar	16	static
main.c:200:12:publish	136	static
main.c:215:13:receive_handler	24	static
main.c:343:6:Convertvalue	32	static
main.c:360:6:Control_IR	8	static
main.c:423:6:checkState	32	static
main.c:479:6:testMQTT	136	static
main.c:559:6:subcribeMQTT	8	static
main.c:567:6:initMQTT	32	static
main.c:635:6:init_MQTT	32	static
main.c:696:6:Subcribes_MQTT	8	static
main.c:735:5:main	128	static
main.c:874:6:SystemClock_Config	88	static
main.c:918:13:MX_I2C1_Init	8	static
main.c:952:13:MX_I2C2_Init	8	static
main.c:986:13:MX_SPI2_Init	8	static
main.c:1024:13:MX_SPI3_Init	8	static
main.c:1062:13:MX_TIM1_Init	112	static
main.c:1149:13:MX_TIM2_Init	64	static
main.c:1208:13:MX_TIM3_Init	32	static
main.c:1253:13:MX_USART1_UART_Init	8	static
main.c:1286:13:MX_USART2_UART_Init	8	static
main.c:1319:13:MX_USART6_UART_Init	8	static
main.c:1352:13:MX_GPIO_Init	48	static
main.c:1401:6:HAL_TIM_IC_CaptureCallback	24	static
main.c:1432:6:StartSensor_Task	16	static
main.c:1470:6:StartControl_Task	120	static
main.c:1537:6:StartDisplay_task	16	static
main.c:1555:6:StartServer_task	16	static
main.c:1574:6:HAL_TIM_PeriodElapsedCallback	16	static
main.c:1591:6:Error_Handler	4	static
